Archive member included to satisfy reference by file (symbol)

D:/OneDrive/Frankencloud/Installable/AudioInterfaces/DaisySeed/DaisyExamples/libDaisy/build\libdaisy.a(daisy_pod.o)
                              build/Seedy1.o (daisy::DaisyPod::StartAudio(void (*)(float const*, float*, unsigned int)))
D:/OneDrive/Frankencloud/Installable/AudioInterfaces/DaisySeed/DaisyExamples/libDaisy/build\libdaisy.a(daisy_seed.o)
                              D:/OneDrive/Frankencloud/Installable/AudioInterfaces/DaisySeed/DaisyExamples/libDaisy/build\libdaisy.a(daisy_pod.o) (daisy::DaisySeed::Configure())
D:/OneDrive/Frankencloud/Installable/AudioInterfaces/DaisySeed/DaisyExamples/libDaisy/build\libdaisy.a(codec_ak4556.o)
                              D:/OneDrive/Frankencloud/Installable/AudioInterfaces/DaisySeed/DaisyExamples/libDaisy/build\libdaisy.a(daisy_seed.o) (daisy::Ak4556::Init(dsy_gpio_pin))
D:/OneDrive/Frankencloud/Installable/AudioInterfaces/DaisySeed/DaisyExamples/libDaisy/build\libdaisy.a(codec_wm8731.o)
                              D:/OneDrive/Frankencloud/Installable/AudioInterfaces/DaisySeed/DaisyExamples/libDaisy/build\libdaisy.a(daisy_seed.o) (daisy::Wm8731::Init(daisy::Wm8731::Config const&, daisy::I2CHandle))
D:/OneDrive/Frankencloud/Installable/AudioInterfaces/DaisySeed/DaisyExamples/libDaisy/build\libdaisy.a(sdram.o)
                              D:/OneDrive/Frankencloud/Installable/AudioInterfaces/DaisySeed/DaisyExamples/libDaisy/build\libdaisy.a(daisy_seed.o) (SdramHandle::Init())
D:/OneDrive/Frankencloud/Installable/AudioInterfaces/DaisySeed/DaisyExamples/libDaisy/build\libdaisy.a(audio.o)
                              D:/OneDrive/Frankencloud/Installable/AudioInterfaces/DaisySeed/DaisyExamples/libDaisy/build\libdaisy.a(daisy_seed.o) (daisy::AudioHandle::Init(daisy::AudioHandle::Config const&, daisy::SaiHandle))
D:/OneDrive/Frankencloud/Installable/AudioInterfaces/DaisySeed/DaisyExamples/libDaisy/build\libdaisy.a(ctrl.o)
                              D:/OneDrive/Frankencloud/Installable/AudioInterfaces/DaisySeed/DaisyExamples/libDaisy/build\libdaisy.a(daisy_pod.o) (daisy::AnalogControl::Init(unsigned short*, float, bool, bool, float))
D:/OneDrive/Frankencloud/Installable/AudioInterfaces/DaisySeed/DaisyExamples/libDaisy/build\libdaisy.a(encoder.o)
                              D:/OneDrive/Frankencloud/Installable/AudioInterfaces/DaisySeed/DaisyExamples/libDaisy/build\libdaisy.a(daisy_pod.o) (daisy::Encoder::Init(dsy_gpio_pin, dsy_gpio_pin, dsy_gpio_pin, float))
D:/OneDrive/Frankencloud/Installable/AudioInterfaces/DaisySeed/DaisyExamples/libDaisy/build\libdaisy.a(midi.o)
                              build/Seedy1.o (daisy::MidiUartTransport::Config::Config())
D:/OneDrive/Frankencloud/Installable/AudioInterfaces/DaisySeed/DaisyExamples/libDaisy/build\libdaisy.a(midi_parser.o)
                              D:/OneDrive/Frankencloud/Installable/AudioInterfaces/DaisySeed/DaisyExamples/libDaisy/build\libdaisy.a(daisy_pod.o) (daisy::MidiParser::Reset())
D:/OneDrive/Frankencloud/Installable/AudioInterfaces/DaisySeed/DaisyExamples/libDaisy/build\libdaisy.a(parameter.o)
                              build/Controls.o (daisy::Parameter::Init(daisy::AnalogControl, float, float, daisy::Parameter::Curve))
D:/OneDrive/Frankencloud/Installable/AudioInterfaces/DaisySeed/DaisyExamples/libDaisy/build\libdaisy.a(rgb_led.o)
                              D:/OneDrive/Frankencloud/Installable/AudioInterfaces/DaisySeed/DaisyExamples/libDaisy/build\libdaisy.a(daisy_pod.o) (daisy::RgbLed::Init(dsy_gpio_pin, dsy_gpio_pin, dsy_gpio_pin, bool))
D:/OneDrive/Frankencloud/Installable/AudioInterfaces/DaisySeed/DaisyExamples/libDaisy/build\libdaisy.a(switch.o)
                              D:/OneDrive/Frankencloud/Installable/AudioInterfaces/DaisySeed/DaisyExamples/libDaisy/build\libdaisy.a(daisy_pod.o) (daisy::Switch::Init(dsy_gpio_pin, float))
D:/OneDrive/Frankencloud/Installable/AudioInterfaces/DaisySeed/DaisyExamples/libDaisy/build\libdaisy.a(adc.o)
                              D:/OneDrive/Frankencloud/Installable/AudioInterfaces/DaisySeed/DaisyExamples/libDaisy/build\libdaisy.a(daisy_pod.o) (daisy::AdcChannelConfig::InitSingle(dsy_gpio_pin, daisy::AdcChannelConfig::ConversionSpeed))
D:/OneDrive/Frankencloud/Installable/AudioInterfaces/DaisySeed/DaisyExamples/libDaisy/build\libdaisy.a(gpio.o)
                              D:/OneDrive/Frankencloud/Installable/AudioInterfaces/DaisySeed/DaisyExamples/libDaisy/build\libdaisy.a(daisy_seed.o) (daisy::GPIO::Init(daisy::Pin, daisy::GPIO::Mode, daisy::GPIO::Pull, daisy::GPIO::Speed))
D:/OneDrive/Frankencloud/Installable/AudioInterfaces/DaisySeed/DaisyExamples/libDaisy/build\libdaisy.a(i2c.o)
                              D:/OneDrive/Frankencloud/Installable/AudioInterfaces/DaisySeed/DaisyExamples/libDaisy/build\libdaisy.a(daisy_seed.o) (daisy::I2CHandle::Init(daisy::I2CHandle::Config const&))
[...]
Memory Configuration

Name             Origin             Length             Attributes
FLASH            0x08000000         0x00020000         xr
DTCMRAM          0x20000000         0x00020000         xrw
SRAM             0x24000000         0x00080000         xrw
RAM_D2           0x30000000         0x00048000         xrw
RAM_D3           0x38000000         0x00010000         xrw
BACKUP_SRAM      0x38800000         0x00001000         xrw
ITCMRAM          0x00000000         0x00010000         xrw
SDRAM            0xc0000000         0x04000000         xrw
QSPIFLASH        0x90000000         0x00800000         xr
*default*        0x00000000         0xffffffff

Linker script and memory map

LOAD c:/program files/daisytoolchain/bin/../lib/gcc/arm-none-eabi/10.2.1/thumb/v7e-m+dp/hard/crti.o
LOAD c:/program files/daisytoolchain/bin/../lib/gcc/arm-none-eabi/10.2.1/thumb/v7e-m+dp/hard/crtbegin.o
LOAD c:/program files/daisytoolchain/bin/../lib/gcc/arm-none-eabi/10.2.1/../../../../arm-none-eabi/lib/thumb/v7e-m+dp/hard/crt0.o
LOAD build/startup_stm32h750xx.o
LOAD build/Seedy1.o
LOAD build/DelayEngine.o
LOAD build/ToneStack.o
LOAD build/Controls.o
LOAD D:/OneDrive/Frankencloud/Installable/AudioInterfaces/DaisySeed/DaisyExamples/libDaisy/build\libdaisy.a
LOAD c:/program files/daisytoolchain/bin/../lib/gcc/arm-none-eabi/10.2.1/../../../../arm-none-eabi/lib/thumb/v7e-m+dp/hard\libnosys.a
LOAD D:/OneDrive/Frankencloud/Installable/AudioInterfaces/DaisySeed/DaisyExamples/DaisySP/build\libdaisysp.a
LOAD c:/program files/daisytoolchain/bin/../lib/gcc/arm-none-eabi/10.2.1/../../../../arm-none-eabi/lib/thumb/v7e-m+dp/hard\libstdc++_nano.a
LOAD c:/program files/daisytoolchain/bin/../lib/gcc/arm-none-eabi/10.2.1/../../../../arm-none-eabi/lib/thumb/v7e-m+dp/hard\libm.a
LOAD c:/program files/daisytoolchain/bin/../lib/gcc/arm-none-eabi/10.2.1/../../../../arm-none-eabi/lib/thumb/v7e-m+dp/hard\libc_nano.a
START GROUP
LOAD c:/program files/daisytoolchain/bin/../lib/gcc/arm-none-eabi/10.2.1/thumb/v7e-m+dp/hard\libgcc.a
LOAD c:/program files/daisytoolchain/bin/../lib/gcc/arm-none-eabi/10.2.1/../../../../arm-none-eabi/lib/thumb/v7e-m+dp/hard\libc_nano.a
END GROUP
START GROUP
LOAD c:/program files/daisytoolchain/bin/../lib/gcc/arm-none-eabi/10.2.1/thumb/v7e-m+dp/hard\libgcc.a
LOAD c:/program files/daisytoolchain/bin/../lib/gcc/arm-none-eabi/10.2.1/../../../../arm-none-eabi/lib/thumb/v7e-m+dp/hard\libc_nano.a
LOAD c:/program files/daisytoolchain/bin/../lib/gcc/arm-none-eabi/10.2.1/../../../../arm-none-eabi/lib/thumb/v7e-m+dp/hard\libnosys.a
END GROUP
START GROUP
LOAD c:/program files/daisytoolchain/bin/../lib/gcc/arm-none-eabi/10.2.1/thumb/v7e-m+dp/hard\libgcc.a
LOAD c:/program files/daisytoolchain/bin/../lib/gcc/arm-none-eabi/10.2.1/../../../../arm-none-eabi/lib/thumb/v7e-m+dp/hard\libc_nano.a
LOAD c:/program files/daisytoolchain/bin/../lib/gcc/arm-none-eabi/10.2.1/../../../../arm-none-eabi/lib/thumb/v7e-m+dp/hard\libnosys.a
END GROUP
LOAD c:/program files/daisytoolchain/bin/../lib/gcc/arm-none-eabi/10.2.1/thumb/v7e-m+dp/hard/crtend.o
LOAD c:/program files/daisytoolchain/bin/../lib/gcc/arm-none-eabi/10.2.1/thumb/v7e-m+dp/hard/crtn.o
                0x20020000                _estack = 0x20020000

.isr_vector     0x08000000      0x298
                0x08000000                . = ALIGN (0x4)
 *(.isr_vector)
 .isr_vector    0x08000000      0x298 build/startup_stm32h750xx.o
                0x08000000                g_pfnVectors
                0x08000298                . = ALIGN (0x4)

.text           0x08000298    0x11f58
                0x08000298                . = ALIGN (0x4)
                0x08000298                _stext = .
 *(.text)
 .text          0x08000298       0x40 c:/program files/daisytoolchain/bin/../lib/gcc/arm-none-eabi/10.2.1/thumb/v7e-m+dp/hard/crtbegin.o
 .text          0x080002d8       0x30 c:/program files/daisytoolchain/bin/../lib/gcc/arm-none-eabi/10.2.1/thumb/v7e-m+dp/hard\libgcc.a(_aeabi_uldivmod.o)
                0x080002d8                __aeabi_uldivmod
 .text          0x08000308      0x2d0 c:/program files/daisytoolchain/bin/../lib/gcc/arm-none-eabi/10.2.1/thumb/v7e-m+dp/hard\libgcc.a(_udivmoddi4.o)
                0x08000308                __udivmoddi4
 .text          0x080005d8        0x4 c:/program files/daisytoolchain/bin/../lib/gcc/arm-none-eabi/10.2.1/thumb/v7e-m+dp/hard\libgcc.a(_dvmd_tls.o)
                0x080005d8                __aeabi_idiv0
                0x080005d8                __aeabi_ldiv0
 *(.text*)
 .text.Default_Handler
                0x080005dc        0x4 build/startup_stm32h750xx.o
                0x080005dc                RTC_Alarm_IRQHandler
                0x080005dc                HASH_RNG_IRQHandler
                0x080005dc                EXTI2_IRQHandler
                0x080005dc                TIM8_CC_IRQHandler
                0x080005dc                HRTIM1_Master_IRQHandler
                0x080005dc                DebugMon_Handler
                0x080005dc                TIM1_CC_IRQHandler
                0x080005dc                BDMA_Channel6_IRQHandler
                0x080005dc                DMA2_Stream5_IRQHandler
                0x080005dc                HRTIM1_FLT_IRQHandler
                0x080005dc                JPEG_IRQHandler
                0x080005dc                BDMA_Channel1_IRQHandler
                0x080005dc                HRTIM1_TIMD_IRQHandler
                0x080005dc                TAMP_STAMP_IRQHandler
                0x080005dc                PendSV_Handler
                0x080005dc                NMI_Handler
                0x080005dc                EXTI3_IRQHandler
                0x080005dc                LPTIM4_IRQHandler
                0x080005dc                TIM8_TRG_COM_TIM14_IRQHandler
                0x080005dc                LPTIM2_IRQHandler
                0x080005dc                DFSDM1_FLT1_IRQHandler
                0x080005dc                DMAMUX2_OVR_IRQHandler
                0x080005dc                TIM8_UP_TIM13_IRQHandler
                0x080005dc                I2C3_ER_IRQHandler
                0x080005dc                DFSDM1_FLT2_IRQHandler
                0x080005dc                MDMA_IRQHandler
                0x080005dc                LPTIM3_IRQHandler
                0x080005dc                HSEM1_IRQHandler
                0x080005dc                EXTI0_IRQHandler
                0x080005dc                FPU_IRQHandler
                0x080005dc                OTG_HS_WKUP_IRQHandler
                0x080005dc                FDCAN1_IT1_IRQHandler
                0x080005dc                UsageFault_Handler
                0x080005dc                LTDC_ER_IRQHandler
                0x080005dc                HRTIM1_TIME_IRQHandler
                0x080005dc                TIM6_DAC_IRQHandler
                0x080005dc                DCMI_IRQHandler
                0x080005dc                HRTIM1_TIMC_IRQHandler
                0x080005dc                SAI2_IRQHandler
                0x080005dc                DFSDM1_FLT3_IRQHandler
                0x080005dc                TIM17_IRQHandler
                0x080005dc                CRYP_IRQHandler
                0x080005dc                BDMA_Channel7_IRQHandler
                0x080005dc                LPTIM5_IRQHandler
                0x080005dc                ADC3_IRQHandler
                0x080005dc                DMA2_Stream0_IRQHandler
                0x080005dc                BDMA_Channel2_IRQHandler
                0x080005dc                DMAMUX1_OVR_IRQHandler
                0x080005dc                TIM16_IRQHandler
                0x080005dc                BDMA_Channel5_IRQHandler
                0x080005dc                RCC_IRQHandler
                0x080005dc                TIM8_BRK_TIM12_IRQHandler
                0x080005dc                TIM1_TRG_COM_IRQHandler
                0x080005dc                Default_Handler
                0x080005dc                ECC_IRQHandler
                0x080005dc                CEC_IRQHandler
                0x080005dc                EXTI15_10_IRQHandler
                0x080005dc                BDMA_Channel0_IRQHandler
                0x080005dc                ADC_IRQHandler
                0x080005dc                DMA1_Stream7_IRQHandler
                0x080005dc                HRTIM1_TIMA_IRQHandler
                0x080005dc                TIM7_IRQHandler
                0x080005dc                SDMMC1_IRQHandler
                0x080005dc                DMA2_Stream7_IRQHandler
                0x080005dc                TIM15_IRQHandler
                0x080005dc                PVD_AVD_IRQHandler
                0x080005dc                EXTI9_5_IRQHandler
                0x080005dc                RTC_WKUP_IRQHandler
                0x080005dc                LTDC_IRQHandler
                0x080005dc                SAI3_IRQHandler
                0x080005dc                ETH_WKUP_IRQHandler
                0x080005dc                SPDIF_RX_IRQHandler
                0x080005dc                MemManage_Handler
                0x080005dc                SVC_Handler
                0x080005dc                CRS_IRQHandler
                0x080005dc                EXTI4_IRQHandler
                0x080005dc                HRTIM1_TIMB_IRQHandler
                0x080005dc                FDCAN2_IT1_IRQHandler
                0x080005dc                ETH_IRQHandler
                0x080005dc                TIM1_UP_IRQHandler
                0x080005dc                BDMA_Channel4_IRQHandler
                0x080005dc                WWDG_IRQHandler
                0x080005dc                SPI6_IRQHandler
                0x080005dc                I2C4_EV_IRQHandler
                0x080005dc                MDIOS_IRQHandler
                0x080005dc                FDCAN2_IT0_IRQHandler
                0x080005dc                FDCAN1_IT0_IRQHandler
                0x080005dc                OTG_FS_WKUP_IRQHandler
                0x080005dc                DMA2D_IRQHandler
                0x080005dc                TIM1_BRK_IRQHandler
                0x080005dc                EXTI1_IRQHandler
                0x080005dc                SDMMC2_IRQHandler
                0x080005dc                OTG_FS_EP1_OUT_IRQHandler
                0x080005dc                BDMA_Channel3_IRQHandler
                0x080005dc                MDIOS_WKUP_IRQHandler
                0x080005dc                DFSDM1_FLT0_IRQHandler
                0x080005dc                SAI4_IRQHandler
                0x080005dc                I2C2_ER_IRQHandler
                0x080005dc                DMA2_Stream1_IRQHandler
                0x080005dc                FLASH_IRQHandler
                0x080005dc                BusFault_Handler
                0x080005dc                OTG_FS_IRQHandler
                0x080005dc                WAKEUP_PIN_IRQHandler
                0x080005dc                OTG_FS_EP1_IN_IRQHandler
                0x080005dc                I2C1_ER_IRQHandler
                0x080005dc                FMC_IRQHandler
                0x080005dc                FDCAN_CAL_IRQHandler
                0x080005dc                SWPMI1_IRQHandler
                0x080005dc                COMP1_IRQHandler
                0x080005dc                LPTIM1_IRQHandler
                0x080005dc                I2C4_ER_IRQHandler
                0x080005dc                DMA2_Stream6_IRQHandler
                0x080005dc                SAI1_IRQHandler
 .text.Reset_Handler
                0x080005e0       0x44 build/startup_stm32h750xx.o
                0x080005e0                Reset_Handler
 .text._ZN5daisy8DaisyPodD2Ev
                0x08000624        0x4 build/Seedy1.o
                0x08000624                daisy::DaisyPod::~DaisyPod()
                0x08000624                daisy::DaisyPod::~DaisyPod()
 .text._ZN11DelayEngineD2Ev
                0x08000628        0x4 build/Seedy1.o
                0x08000628                DelayEngine::~DelayEngine()
                0x08000628                DelayEngine::~DelayEngine()
 .text._ZN8ControlsD2Ev
                0x0800062c        0x4 build/Seedy1.o
                0x0800062c                Controls::~Controls()
                0x0800062c                Controls::~Controls()
 .text._Z13AudioCallbackPKfPfj
                0x08000630       0x94 build/Seedy1.o
                0x08000630                AudioCallback(float const*, float*, unsigned int)
 .text.startup.main
                0x080006c4       0x70 build/Seedy1.o
                0x080006c4                main
 .text.startup._GLOBAL__sub_I__Z13AudioCallbackPKfPfj
                0x08000734       0xe8 build/Seedy1.o
 .text._ZN11DelayEngine4InitEf
                0x0800081c       0xc0 build/DelayEngine.o
                0x0800081c                DelayEngine::Init(float)
 .text._ZN11DelayEngine7ProcessEffRfS0_
                0x080008dc      0x16c build/DelayEngine.o
                0x080008dc                DelayEngine::Process(float, float, float&, float&)
 .text._ZN9ToneStack4InitEff
                0x08000a48       0x28 build/ToneStack.o
                0x08000a48                ToneStack::Init(float, float)
 .text._ZN9ToneStack7ProcessEffRfS0_
                0x08000a70       0x58 build/ToneStack.o
                0x08000a70                ToneStack::Process(float, float, float&, float&)
 .text._ZN8Controls4InitEPN5daisy8DaisyPodEff
                0x08000ac8      0x108 build/Controls.o
                0x08000ac8                Controls::Init(daisy::DaisyPod*, float, float)
 .text._ZN8Controls11UpdateKnobsEv
                0x08000bd0      0x11c build/Controls.o
                0x08000bd0                Controls::UpdateKnobs()
 .text._ZN8Controls10UpdateLedsEv
                0x08000cec       0x9c build/Controls.o
                0x08000cec                Controls::UpdateLeds()
 .text._ZN8Controls7ProcessEv
                0x08000d88       0x7c build/Controls.o
                0x08000d88                Controls::Process()
 .text._ZN5daisy8DaisyPod10StartAudioEPFvPKfPfjE
                0x08000e04        0x4 D:/OneDrive/Frankencloud/Installable/AudioInterfaces/DaisySeed/DaisyExamples/libDaisy/build\libdaisy.a(daisy_pod.o)
                0x08000e04                daisy::DaisyPod::StartAudio(void (*)(float const*, float*, unsigned int))
 .text._ZN5daisy8DaisyPod17SetAudioBlockSizeEj
                0x08000e08       0x2c D:/OneDrive/Frankencloud/Installable/AudioInterfaces/DaisySeed/DaisyExamples/libDaisy/build\libdaisy.a(daisy_pod.o)
                0x08000e08                daisy::DaisyPod::SetAudioBlockSize(unsigned int)
 .text._ZN5daisy8DaisyPod15AudioSampleRateEv
                0x08000e34        0x4 D:/OneDrive/Frankencloud/Installable/AudioInterfaces/DaisySeed/DaisyExamples/libDaisy/build\libdaisy.a(daisy_pod.o)
                0x08000e34                daisy::DaisyPod::AudioSampleRate()
 .text._ZN5daisy8DaisyPod8StartAdcEv
                0x08000e38        0x8 D:/OneDrive/Frankencloud/Installable/AudioInterfaces/DaisySeed/DaisyExamples/libDaisy/build\libdaisy.a(daisy_pod.o)
                0x08000e38                daisy::DaisyPod::StartAdc()
 .text._ZN5daisy8DaisyPod21ProcessAnalogControlsEv
                0x08000e40       0x18 D:/OneDrive/Frankencloud/Installable/AudioInterfaces/DaisySeed/DaisyExamples/libDaisy/build\libdaisy.a(daisy_pod.o)
                0x08000e40                daisy::DaisyPod::ProcessAnalogControls()
 .text._ZN5daisy8DaisyPod22ProcessDigitalControlsEv
                0x08000e58       0x20 D:/OneDrive/Frankencloud/Installable/AudioInterfaces/DaisySeed/DaisyExamples/libDaisy/build\libdaisy.a(daisy_pod.o)
                0x08000e58                daisy::DaisyPod::ProcessDigitalControls()
 .text._ZN5daisy8DaisyPod10UpdateLedsEv
                0x08000e78       0x18 D:/OneDrive/Frankencloud/Installable/AudioInterfaces/DaisySeed/DaisyExamples/libDaisy/build\libdaisy.a(daisy_pod.o)
                0x08000e78                daisy::DaisyPod::UpdateLeds()
 .text._ZN5daisy8DaisyPod8InitLedsEv
                0x08000e90       0x98 D:/OneDrive/Frankencloud/Installable/AudioInterfaces/DaisySeed/DaisyExamples/libDaisy/build\libdaisy.a(daisy_pod.o)
                0x08000e90                daisy::DaisyPod::InitLeds()
 .text._ZN5daisy8DaisyPod9InitKnobsEv
                0x08000f28       0x90 D:/OneDrive/Frankencloud/Installable/AudioInterfaces/DaisySeed/DaisyExamples/libDaisy/build\libdaisy.a(daisy_pod.o)
                0x08000f28                daisy::DaisyPod::InitKnobs()
 .text._ZN5daisy8DaisyPod4InitEb
                0x08000fb8      0x128 D:/OneDrive/Frankencloud/Installable/AudioInterfaces/DaisySeed/DaisyExamples/libDaisy/build\libdaisy.a(daisy_pod.o)
                0x08000fb8                daisy::DaisyPod::Init(bool)
 .text._ZN5daisy9DaisySeed9ConfigureEv
                0x080010e0        0x4 D:/OneDrive/Frankencloud/Installable/AudioInterfaces/DaisySeed/DaisyExamples/libDaisy/build\libdaisy.a(daisy_seed.o)
                0x080010e0                daisy::DaisySeed::Configure()
 .text._ZN5daisy9DaisySeed10StartAudioEPFvPKfPfjE
                0x080010e4        0x8 D:/OneDrive/Frankencloud/Installable/AudioInterfaces/DaisySeed/DaisyExamples/libDaisy/build\libdaisy.a(daisy_seed.o)
                0x080010e4                daisy::DaisySeed::StartAudio(void (*)(float const*, float*, unsigned int))
 .text._ZN5daisy9DaisySeed15AudioSampleRateEv
                0x080010ec        0x8 D:/OneDrive/Frankencloud/Installable/AudioInterfaces/DaisySeed/DaisyExamples/libDaisy/build\libdaisy.a(daisy_seed.o)
                0x080010ec                daisy::DaisySeed::AudioSampleRate()
 .text._ZN5daisy9DaisySeed17SetAudioBlockSizeEj
                0x080010f4       0x38 D:/OneDrive/Frankencloud/Installable/AudioInterfaces/DaisySeed/DaisyExamples/libDaisy/build\libdaisy.a(daisy_seed.o)
                0x080010f4                daisy::DaisySeed::SetAudioBlockSize(unsigned int)
 .text._ZNK5daisy9DaisySeed17AudioCallbackRateEv
                0x0800112c        0x8 D:/OneDrive/Frankencloud/Installable/AudioInterfaces/DaisySeed/DaisyExamples/libDaisy/build\libdaisy.a(daisy_seed.o)
                0x0800112c                daisy::DaisySeed::AudioCallbackRate() const
 .text._ZN5daisy9DaisySeed17CheckBoardVersionEv
                0x08001134       0x6c D:/OneDrive/Frankencloud/Installable/AudioInterfaces/DaisySeed/DaisyExamples/libDaisy/build\libdaisy.a(daisy_seed.o)
                0x08001134                daisy::DaisySeed::CheckBoardVersion()
 .text._ZN5daisy9DaisySeed14ConfigureAudioEv
                0x080011a0      0x10c D:/OneDrive/Frankencloud/Installable/AudioInterfaces/DaisySeed/DaisyExamples/libDaisy/build\libdaisy.a(daisy_seed.o)
                0x080011a0                daisy::DaisySeed::ConfigureAudio()
 .text._ZN5daisy9DaisySeed4InitEb
                0x080012ac      0x108 D:/OneDrive/Frankencloud/Installable/AudioInterfaces/DaisySeed/DaisyExamples/libDaisy/build\libdaisy.a(daisy_seed.o)
                0x080012ac                daisy::DaisySeed::Init(bool)
 .text._ZN5daisy6Ak45564InitE12dsy_gpio_pin
                0x080013b4       0x44 D:/OneDrive/Frankencloud/Installable/AudioInterfaces/DaisySeed/DaisyExamples/libDaisy/build\libdaisy.a(codec_ak4556.o)
                0x080013b4                daisy::Ak4556::Init(dsy_gpio_pin)
 .text._ZN5daisy6Wm873120WriteControlRegisterEht
                0x080013f8       0x3c D:/OneDrive/Frankencloud/Installable/AudioInterfaces/DaisySeed/DaisyExamples/libDaisy/build\libdaisy.a(codec_wm8731.o)
                0x080013f8                daisy::Wm8731::WriteControlRegister(unsigned char, unsigned short)
 .text._ZN5daisy6Wm87314InitERKNS0_6ConfigENS_9I2CHandleE
                0x08001434      0x1bc D:/OneDrive/Frankencloud/Installable/AudioInterfaces/DaisySeed/DaisyExamples/libDaisy/build\libdaisy.a(codec_wm8731.o)
                0x08001434                daisy::Wm8731::Init(daisy::Wm8731::Config const&, daisy::I2CHandle)
 .text._ZN11SdramHandle10DeviceInitEv
                0x080015f0       0x98 D:/OneDrive/Frankencloud/Installable/AudioInterfaces/DaisySeed/DaisyExamples/libDaisy/build\libdaisy.a(sdram.o)
                0x080015f0                SdramHandle::DeviceInit()
 .text._ZN11SdramHandle4InitEv
                0x08001688       0x7c D:/OneDrive/Frankencloud/Installable/AudioInterfaces/DaisySeed/DaisyExamples/libDaisy/build\libdaisy.a(sdram.o)
                0x08001688                SdramHandle::Init()
 .text.HAL_SDRAM_MspInit
                0x08001704      0x1a8 D:/OneDrive/Frankencloud/Installable/AudioInterfaces/DaisySeed/DaisyExamples/libDaisy/build\libdaisy.a(sdram.o)
                0x08001704                HAL_SDRAM_MspInit
 .text._ZN5daisy11AudioHandle4Impl16InternalCallbackEPlS2_j
                0x080018ac      0xbbc D:/OneDrive/Frankencloud/Installable/AudioInterfaces/DaisySeed/DaisyExamples/libDaisy/build\libdaisy.a(audio.o)
                0x080018ac                daisy::AudioHandle::Impl::InternalCallback(long*, long*, unsigned int)
 .text._ZN5daisy11AudioHandle4InitERKNS0_6ConfigENS_9SaiHandleE
                0x08002468       0x70 D:/OneDrive/Frankencloud/Installable/AudioInterfaces/DaisySeed/DaisyExamples/libDaisy/build\libdaisy.a(audio.o)
                0x08002468                daisy::AudioHandle::Init(daisy::AudioHandle::Config const&, daisy::SaiHandle)
 .text._ZNK5daisy11AudioHandle9GetConfigEv
                0x080024d8        0x8 D:/OneDrive/Frankencloud/Installable/AudioInterfaces/DaisySeed/DaisyExamples/libDaisy/build\libdaisy.a(audio.o)
                0x080024d8                daisy::AudioHandle::GetConfig() const
 .text._ZN5daisy11AudioHandle12SetBlockSizeEj
                0x080024e0       0x1c D:/OneDrive/Frankencloud/Installable/AudioInterfaces/DaisySeed/DaisyExamples/libDaisy/build\libdaisy.a(audio.o)
                0x080024e0                daisy::AudioHandle::SetBlockSize(unsigned int)
 .text._ZN5daisy11AudioHandle13GetSampleRateEv
                0x080024fc        0x8 D:/OneDrive/Frankencloud/Installable/AudioInterfaces/DaisySeed/DaisyExamples/libDaisy/build\libdaisy.a(audio.o)
                0x080024fc                daisy::AudioHandle::GetSampleRate()
 .text._ZN5daisy11AudioHandle5StartEPFvPKfPfjE
                0x08002504       0x2c D:/OneDrive/Frankencloud/Installable/AudioInterfaces/DaisySeed/DaisyExamples/libDaisy/build\libdaisy.a(audio.o)
                0x08002504                daisy::AudioHandle::Start(void (*)(float const*, float*, unsigned int))
 .text.startup._GLOBAL__sub_I__ZN5daisy11AudioHandle4Impl4InitENS0_6ConfigENS_9SaiHandleE
                0x08002530       0x24 D:/OneDrive/Frankencloud/Installable/AudioInterfaces/DaisySeed/DaisyExamples/libDaisy/build\libdaisy.a(audio.o)
 .text._ZN5daisy13AnalogControl4InitEPtfbbf
                0x08002554       0x64 D:/OneDrive/Frankencloud/Installable/AudioInterfaces/DaisySeed/DaisyExamples/libDaisy/build\libdaisy.a(ctrl.o)
                0x08002554                daisy::AnalogControl::Init(unsigned short*, float, bool, bool, float)
 .text._ZN5daisy13AnalogControl7ProcessEv
                0x080025b8       0x48 D:/OneDrive/Frankencloud/Installable/AudioInterfaces/DaisySeed/DaisyExamples/libDaisy/build\libdaisy.a(ctrl.o)
                0x080025b8                daisy::AnalogControl::Process()
 .text._ZN5daisy13AnalogControl13SetSampleRateEf
                0x08002600       0x58 D:/OneDrive/Frankencloud/Installable/AudioInterfaces/DaisySeed/DaisyExamples/libDaisy/build\libdaisy.a(ctrl.o)
                0x08002600                daisy::AnalogControl::SetSampleRate(float)
 .text._ZN5daisy7Encoder4InitE12dsy_gpio_pinS1_S1_f
                0x08002658       0x60 D:/OneDrive/Frankencloud/Installable/AudioInterfaces/DaisySeed/DaisyExamples/libDaisy/build\libdaisy.a(encoder.o)
                0x08002658                daisy::Encoder::Init(dsy_gpio_pin, dsy_gpio_pin, dsy_gpio_pin, float)
 .text._ZN5daisy7Encoder8DebounceEv
                0x080026b8       0x7c D:/OneDrive/Frankencloud/Installable/AudioInterfaces/DaisySeed/DaisyExamples/libDaisy/build\libdaisy.a(encoder.o)
                0x080026b8                daisy::Encoder::Debounce()
 .text._ZN5daisy17MidiUartTransport6ConfigC2Ev
                0x08002734       0x28 D:/OneDrive/Frankencloud/Installable/AudioInterfaces/DaisySeed/DaisyExamples/libDaisy/build\libdaisy.a(midi.o)
                0x08002734                daisy::MidiUartTransport::Config::Config()
                0x08002734                daisy::MidiUartTransport::Config::Config()
 .text._ZN5daisy10MidiParser5ResetEv
                0x0800275c        0xc D:/OneDrive/Frankencloud/Installable/AudioInterfaces/DaisySeed/DaisyExamples/libDaisy/build\libdaisy.a(midi_parser.o)
                0x0800275c                daisy::MidiParser::Reset()
 .text._ZN5daisy9Parameter4InitENS_13AnalogControlEffNS0_5CurveE
                0x08002768       0x60 D:/OneDrive/Frankencloud/Installable/AudioInterfaces/DaisySeed/DaisyExamples/libDaisy/build\libdaisy.a(parameter.o)
                0x08002768                daisy::Parameter::Init(daisy::AnalogControl, float, float, daisy::Parameter::Curve)
 .text._ZN5daisy9Parameter7ProcessEv
                0x080027c8       0xac D:/OneDrive/Frankencloud/Installable/AudioInterfaces/DaisySeed/DaisyExamples/libDaisy/build\libdaisy.a(parameter.o)
                0x080027c8                daisy::Parameter::Process()
 .text._ZN5daisy6RgbLed4InitE12dsy_gpio_pinS1_S1_b
                0x08002874       0x50 D:/OneDrive/Frankencloud/Installable/AudioInterfaces/DaisySeed/DaisyExamples/libDaisy/build\libdaisy.a(rgb_led.o)
                0x08002874                daisy::RgbLed::Init(dsy_gpio_pin, dsy_gpio_pin, dsy_gpio_pin, bool)
 .text._ZN5daisy6RgbLed3SetEfff
                0x080028c4       0x34 D:/OneDrive/Frankencloud/Installable/AudioInterfaces/DaisySeed/DaisyExamples/libDaisy/build\libdaisy.a(rgb_led.o)
                0x080028c4                daisy::RgbLed::Set(float, float, float)
 .text._ZN5daisy6RgbLed8SetColorENS_5ColorE
                0x080028f8       0x2c D:/OneDrive/Frankencloud/Installable/AudioInterfaces/DaisySeed/DaisyExamples/libDaisy/build\libdaisy.a(rgb_led.o)
                0x080028f8                daisy::RgbLed::SetColor(daisy::Color)
 .text._ZN5daisy6RgbLed6UpdateEv
                0x08002924       0x1c D:/OneDrive/Frankencloud/Installable/AudioInterfaces/DaisySeed/DaisyExamples/libDaisy/build\libdaisy.a(rgb_led.o)
                0x08002924                daisy::RgbLed::Update()
 .text._ZN5daisy6Switch4InitE12dsy_gpio_pinf
                0x08002940       0x34 D:/OneDrive/Frankencloud/Installable/AudioInterfaces/DaisySeed/DaisyExamples/libDaisy/build\libdaisy.a(switch.o)
                0x08002940                daisy::Switch::Init(dsy_gpio_pin, float)
 .text._ZN5daisy6Switch8DebounceEv
                0x08002974       0x5c D:/OneDrive/Frankencloud/Installable/AudioInterfaces/DaisySeed/DaisyExamples/libDaisy/build\libdaisy.a(switch.o)
                0x08002974                daisy::Switch::Debounce()
 .text._ZN5daisy16AdcChannelConfig10InitSingleE12dsy_gpio_pinNS0_15ConversionSpeedE
                0x080029d0       0x28 D:/OneDrive/Frankencloud/Installable/AudioInterfaces/DaisySeed/DaisyExamples/libDaisy/build\libdaisy.a(adc.o)
                0x080029d0                daisy::AdcChannelConfig::InitSingle(dsy_gpio_pin, daisy::AdcChannelConfig::ConversionSpeed)
 .text._ZN5daisy9AdcHandle4InitEPNS_16AdcChannelConfigEjNS0_12OverSamplingE
                0x080029f8      0x41c D:/OneDrive/Frankencloud/Installable/AudioInterfaces/DaisySeed/DaisyExamples/libDaisy/build\libdaisy.a(adc.o)
                0x080029f8                daisy::AdcHandle::Init(daisy::AdcChannelConfig*, unsigned int, daisy::AdcHandle::OverSampling)
 .text._ZN5daisy9AdcHandle5StartEv
                0x08002e14       0x2c D:/OneDrive/Frankencloud/Installable/AudioInterfaces/DaisySeed/DaisyExamples/libDaisy/build\libdaisy.a(adc.o)
                0x08002e14                daisy::AdcHandle::Start()
 .text._ZNK5daisy9AdcHandle6GetPtrEh
                0x08002e40       0x14 D:/OneDrive/Frankencloud/Installable/AudioInterfaces/DaisySeed/DaisyExamples/libDaisy/build\libdaisy.a(adc.o)
                0x08002e40                daisy::AdcHandle::GetPtr(unsigned char) const
 .text.HAL_ADC_MspInit
                0x08002e54       0x98 D:/OneDrive/Frankencloud/Installable/AudioInterfaces/DaisySeed/DaisyExamples/libDaisy/build\libdaisy.a(adc.o)
                0x08002e54                HAL_ADC_MspInit
 .text.DMA1_Stream2_IRQHandler
                0x08002eec        0xc D:/OneDrive/Frankencloud/Installable/AudioInterfaces/DaisySeed/DaisyExamples/libDaisy/build\libdaisy.a(adc.o)
                0x08002eec                DMA1_Stream2_IRQHandler
 .text.HAL_ADC_ConvCpltCallback
                0x08002ef8      0x148 D:/OneDrive/Frankencloud/Installable/AudioInterfaces/DaisySeed/DaisyExamples/libDaisy/build\libdaisy.a(adc.o)
                0x08002ef8                HAL_ADC_ConvCpltCallback
 .text.HAL_ADC_ErrorCallback
                0x08003040        0x4 D:/OneDrive/Frankencloud/Installable/AudioInterfaces/DaisySeed/DaisyExamples/libDaisy/build\libdaisy.a(adc.o)
                0x08003040                HAL_ADC_ErrorCallback
 .text._ZN5daisy4GPIO4InitENS_3PinENS0_4ModeENS0_4PullENS0_5SpeedE
                0x08003044      0x1cc D:/OneDrive/Frankencloud/Installable/AudioInterfaces/DaisySeed/DaisyExamples/libDaisy/build\libdaisy.a(gpio.o)
                0x08003044                daisy::GPIO::Init(daisy::Pin, daisy::GPIO::Mode, daisy::GPIO::Pull, daisy::GPIO::Speed)
 .text._ZN5daisy4GPIO4ReadEv
                0x08003210       0x18 D:/OneDrive/Frankencloud/Installable/AudioInterfaces/DaisySeed/DaisyExamples/libDaisy/build\libdaisy.a(gpio.o)
                0x08003210                daisy::GPIO::Read()
 .text._ZN5daisy4GPIO5WriteEb
                0x08003228       0x14 D:/OneDrive/Frankencloud/Installable/AudioInterfaces/DaisySeed/DaisyExamples/libDaisy/build\libdaisy.a(gpio.o)
                0x08003228                daisy::GPIO::Write(bool)
 .text.dsy_gpio_init
                0x0800323c      0x1b8 D:/OneDrive/Frankencloud/Installable/AudioInterfaces/DaisySeed/DaisyExamples/libDaisy/build\libdaisy.a(gpio.o)
                0x0800323c                dsy_gpio_init
 .text.dsy_gpio_read
                0x080033f4       0x1c D:/OneDrive/Frankencloud/Installable/AudioInterfaces/DaisySeed/DaisyExamples/libDaisy/build\libdaisy.a(gpio.o)
                0x080033f4                dsy_gpio_read
 .text.dsy_gpio_write
                0x08003410       0x24 D:/OneDrive/Frankencloud/Installable/AudioInterfaces/DaisySeed/DaisyExamples/libDaisy/build\libdaisy.a(gpio.o)
                0x08003410                dsy_gpio_write
 .text._ZN5daisy9I2CHandle4Impl8InitPinsEv
                0x08003434       0x58 D:/OneDrive/Frankencloud/Installable/AudioInterfaces/DaisySeed/DaisyExamples/libDaisy/build\libdaisy.a(i2c.o)
                0x08003434                daisy::I2CHandle::Impl::InitPins()
 .text.HAL_I2C_MspInit
                0x0800348c      0x1b4 D:/OneDrive/Frankencloud/Installable/AudioInterfaces/DaisySeed/DaisyExamples/libDaisy/build\libdaisy.a(i2c.o)
                0x0800348c                HAL_I2C_MspInit
 .text.dsy_i2c_global_init
                0x08003640       0x78 D:/OneDrive/Frankencloud/Installable/AudioInterfaces/DaisySeed/DaisyExamples/libDaisy/build\libdaisy.a(i2c.o)
                0x08003640                dsy_i2c_global_init
 .text.DMA1_Stream6_IRQHandler
                0x080036b8       0x34 D:/OneDrive/Frankencloud/Installable/AudioInterfaces/DaisySeed/DaisyExamples/libDaisy/build\libdaisy.a(i2c.o)
                0x080036b8                DMA1_Stream6_IRQHandler
 .text.I2C1_EV_IRQHandler
                0x080036ec        0xc D:/OneDrive/Frankencloud/Installable/AudioInterfaces/DaisySeed/DaisyExamples/libDaisy/build\libdaisy.a(i2c.o)
                0x080036ec                I2C1_EV_IRQHandler
 .text.I2C2_EV_IRQHandler
                0x080036f8        0xc D:/OneDrive/Frankencloud/Installable/AudioInterfaces/DaisySeed/DaisyExamples/libDaisy/build\libdaisy.a(i2c.o)
                0x080036f8                I2C2_EV_IRQHandler
 .text.I2C3_EV_IRQHandler
                0x08003704        0xc D:/OneDrive/Frankencloud/Installable/AudioInterfaces/DaisySeed/DaisyExamples/libDaisy/build\libdaisy.a(i2c.o)
                0x08003704                I2C3_EV_IRQHandler
 .text._ZN5daisy9I2CHandle4InitERKNS0_6ConfigE
                0x08003710      0x12c D:/OneDrive/Frankencloud/Installable/AudioInterfaces/DaisySeed/DaisyExamples/libDaisy/build\libdaisy.a(i2c.o)
                0x08003710                daisy::I2CHandle::Init(daisy::I2CHandle::Config const&)
 .text._ZN5daisy9I2CHandle16TransmitBlockingEtPhtm
                0x0800383c       0x50 D:/OneDrive/Frankencloud/Installable/AudioInterfaces/DaisySeed/DaisyExamples/libDaisy/build\libdaisy.a(i2c.o)
                0x0800383c                daisy::I2CHandle::TransmitBlocking(unsigned short, unsigned char*, unsigned short, unsigned long)
 .text.startup._GLOBAL__sub_I__ZN5daisy9I2CHandle4Impl10GlobalInitEv
                0x0800388c       0x18 D:/OneDrive/Frankencloud/Installable/AudioInterfaces/DaisySeed/DaisyExamples/libDaisy/build\libdaisy.a(i2c.o)
 .text._ZN5daisy10QSPIHandle4Impl11WriteEnableEv
                0x080038a4       0x8c D:/OneDrive/Frankencloud/Installable/AudioInterfaces/DaisySeed/DaisyExamples/libDaisy/build\libdaisy.a(qspi.o)
                0x080038a4                daisy::QSPIHandle::Impl::WriteEnable()
 .text._ZN5daisy10QSPIHandle4Impl17DummyCyclesConfigENS0_6Config6DeviceE
                0x08003930      0x118 D:/OneDrive/Frankencloud/Installable/AudioInterfaces/DaisySeed/DaisyExamples/libDaisy/build\libdaisy.a(qspi.o)
                0x08003930                daisy::QSPIHandle::Impl::DummyCyclesConfig(daisy::QSPIHandle::Config::Device)
 .text._ZN5daisy10QSPIHandle4Impl10QuadEnableEv
                0x08003a48      0x158 D:/OneDrive/Frankencloud/Installable/AudioInterfaces/DaisySeed/DaisyExamples/libDaisy/build\libdaisy.a(qspi.o)
                0x08003a48                daisy::QSPIHandle::Impl::QuadEnable()
 .text._ZN5daisy10QSPIHandle4InitERKNS0_6ConfigE
                0x08003ba0      0x198 D:/OneDrive/Frankencloud/Installable/AudioInterfaces/DaisySeed/DaisyExamples/libDaisy/build\libdaisy.a(qspi.o)
                0x08003ba0                daisy::QSPIHandle::Init(daisy::QSPIHandle::Config const&)
 .text.HAL_QSPI_MspInit
                0x08003d38      0x11c D:/OneDrive/Frankencloud/Installable/AudioInterfaces/DaisySeed/DaisyExamples/libDaisy/build\libdaisy.a(qspi.o)
                0x08003d38                HAL_QSPI_MspInit
 .text.HAL_QSPI_MspDeInit
                0x08003e54       0x54 D:/OneDrive/Frankencloud/Installable/AudioInterfaces/DaisySeed/DaisyExamples/libDaisy/build\libdaisy.a(qspi.o)
                0x08003e54                HAL_QSPI_MspDeInit
 .text.QUADSPI_IRQHandler
                0x08003ea8        0xc D:/OneDrive/Frankencloud/Installable/AudioInterfaces/DaisySeed/DaisyExamples/libDaisy/build\libdaisy.a(qspi.o)
                0x08003ea8                QUADSPI_IRQHandler
 .text.startup._GLOBAL__sub_I__ZN5daisy10QSPIHandle4Impl4InitERKNS0_6ConfigE
                0x08003eb4       0x28 D:/OneDrive/Frankencloud/Installable/AudioInterfaces/DaisySeed/DaisyExamples/libDaisy/build\libdaisy.a(qspi.o)
 .text._ZN5daisy9SaiHandle4Impl7InitDmaENS1_15PeripheralBlockE
                0x08003edc       0xa0 D:/OneDrive/Frankencloud/Installable/AudioInterfaces/DaisySeed/DaisyExamples/libDaisy/build\libdaisy.a(sai.o)
                0x08003edc                daisy::SaiHandle::Impl::InitDma(daisy::SaiHandle::Impl::PeripheralBlock)
 .text._ZN5daisy9SaiHandle4Impl8InitPinsEv
                0x08003f7c       0xa8 D:/OneDrive/Frankencloud/Installable/AudioInterfaces/DaisySeed/DaisyExamples/libDaisy/build\libdaisy.a(sai.o)
                0x08003f7c                daisy::SaiHandle::Impl::InitPins()
 .text.HAL_SAI_MspInit
                0x08004024      0x164 D:/OneDrive/Frankencloud/Installable/AudioInterfaces/DaisySeed/DaisyExamples/libDaisy/build\libdaisy.a(sai.o)
                0x08004024                HAL_SAI_MspInit
 .text.DMA1_Stream0_IRQHandler
                0x08004188        0xc D:/OneDrive/Frankencloud/Installable/AudioInterfaces/DaisySeed/DaisyExamples/libDaisy/build\libdaisy.a(sai.o)
                0x08004188                DMA1_Stream0_IRQHandler
 .text.DMA1_Stream1_IRQHandler
                0x08004194        0xc D:/OneDrive/Frankencloud/Installable/AudioInterfaces/DaisySeed/DaisyExamples/libDaisy/build\libdaisy.a(sai.o)
                0x08004194                DMA1_Stream1_IRQHandler
 .text.DMA1_Stream3_IRQHandler
                0x080041a0        0xc D:/OneDrive/Frankencloud/Installable/AudioInterfaces/DaisySeed/DaisyExamples/libDaisy/build\libdaisy.a(sai.o)
                0x080041a0                DMA1_Stream3_IRQHandler
 .text.DMA1_Stream4_IRQHandler
                0x080041ac        0xc D:/OneDrive/Frankencloud/Installable/AudioInterfaces/DaisySeed/DaisyExamples/libDaisy/build\libdaisy.a(sai.o)
                0x080041ac                DMA1_Stream4_IRQHandler
 .text.HAL_SAI_RxHalfCpltCallback
                0x080041b8       0x78 D:/OneDrive/Frankencloud/Installable/AudioInterfaces/DaisySeed/DaisyExamples/libDaisy/build\libdaisy.a(sai.o)
                0x080041b8                HAL_SAI_RxHalfCpltCallback
 .text.HAL_SAI_RxCpltCallback
                0x08004230       0x70 D:/OneDrive/Frankencloud/Installable/AudioInterfaces/DaisySeed/DaisyExamples/libDaisy/build\libdaisy.a(sai.o)
                0x08004230                HAL_SAI_RxCpltCallback
 .text._ZN5daisy9SaiHandle4InitERKNS0_6ConfigE
                0x080042a0      0x1f0 D:/OneDrive/Frankencloud/Installable/AudioInterfaces/DaisySeed/DaisyExamples/libDaisy/build\libdaisy.a(sai.o)
                0x080042a0                daisy::SaiHandle::Init(daisy::SaiHandle::Config const&)
 .text._ZNK5daisy9SaiHandle9GetConfigEv
                0x08004490        0x4 D:/OneDrive/Frankencloud/Installable/AudioInterfaces/DaisySeed/DaisyExamples/libDaisy/build\libdaisy.a(sai.o)
                0x08004490                daisy::SaiHandle::GetConfig() const
 .text._ZN5daisy9SaiHandle8StartDmaEPlS1_jPFvS1_S1_jE
                0x08004494       0xbc D:/OneDrive/Frankencloud/Installable/AudioInterfaces/DaisySeed/DaisyExamples/libDaisy/build\libdaisy.a(sai.o)
                0x08004494                daisy::SaiHandle::StartDma(long*, long*, unsigned int, void (*)(long*, long*, unsigned int))
 .text._ZN5daisy9SaiHandle13GetSampleRateEv
                0x08004550       0x24 D:/OneDrive/Frankencloud/Installable/AudioInterfaces/DaisySeed/DaisyExamples/libDaisy/build\libdaisy.a(sai.o)
                0x08004550                daisy::SaiHandle::GetSampleRate()
 .text._ZNK5daisy9SaiHandle9GetOffsetEv
                0x08004574        0x8 D:/OneDrive/Frankencloud/Installable/AudioInterfaces/DaisySeed/DaisyExamples/libDaisy/build\libdaisy.a(sai.o)
                0x08004574                daisy::SaiHandle::GetOffset() const
 .text._ZL20UART_CheckRxListenerPN5daisy11UartHandler4ImplE
                0x0800457c       0x84 D:/OneDrive/Frankencloud/Installable/AudioInterfaces/DaisySeed/DaisyExamples/libDaisy/build\libdaisy.a(uart.o)
 .text._ZN5daisy11UartHandler4Impl10StartDmaTxEPhjPFvPvEPFvS3_NS0_6ResultEES3_
                0x08004600      0x184 D:/OneDrive/Frankencloud/Installable/AudioInterfaces/DaisySeed/DaisyExamples/libDaisy/build\libdaisy.a(uart.o)
                0x08004600                daisy::UartHandler::Impl::StartDmaTx(unsigned char*, unsigned int, void (*)(void*), void (*)(void*, daisy::UartHandler::Result), void*)
 .text._ZN5daisy11UartHandler4Impl10StartDmaRxEPhjPFvPvEPFvS3_NS0_6ResultEES3_
                0x08004784      0x184 D:/OneDrive/Frankencloud/Installable/AudioInterfaces/DaisySeed/DaisyExamples/libDaisy/build\libdaisy.a(uart.o)
                0x08004784                daisy::UartHandler::Impl::StartDmaRx(unsigned char*, unsigned int, void (*)(void*), void (*)(void*, daisy::UartHandler::Result), void*)
 .text._ZN5daisy11UartHandler4Impl19DmaTransferFinishedEP20__UART_HandleTypeDefNS0_6ResultE
                0x08004908       0xc0 D:/OneDrive/Frankencloud/Installable/AudioInterfaces/DaisySeed/DaisyExamples/libDaisy/build\libdaisy.a(uart.o)
                0x08004908                daisy::UartHandler::Impl::DmaTransferFinished(__UART_HandleTypeDef*, daisy::UartHandler::Result)
 .text._ZN5daisy11UartHandler4Impl8InitPinsEv
                0x080049c8      0x154 D:/OneDrive/Frankencloud/Installable/AudioInterfaces/DaisySeed/DaisyExamples/libDaisy/build\libdaisy.a(uart.o)
                0x080049c8                daisy::UartHandler::Impl::InitPins()
 .text.HAL_UART_MspInit
                0x08004b1c      0x210 D:/OneDrive/Frankencloud/Installable/AudioInterfaces/DaisySeed/DaisyExamples/libDaisy/build\libdaisy.a(uart.o)
                0x08004b1c                HAL_UART_MspInit
 .text.dsy_uart_global_init
                0x08004d2c      0x110 D:/OneDrive/Frankencloud/Installable/AudioInterfaces/DaisySeed/DaisyExamples/libDaisy/build\libdaisy.a(uart.o)
                0x08004d2c                dsy_uart_global_init
 .text.USART1_IRQHandler
                0x08004e3c       0x2c D:/OneDrive/Frankencloud/Installable/AudioInterfaces/DaisySeed/DaisyExamples/libDaisy/build\libdaisy.a(uart.o)
                0x08004e3c                USART1_IRQHandler
 .text.USART2_IRQHandler
                0x08004e68       0x34 D:/OneDrive/Frankencloud/Installable/AudioInterfaces/DaisySeed/DaisyExamples/libDaisy/build\libdaisy.a(uart.o)
                0x08004e68                USART2_IRQHandler
 .text.USART3_IRQHandler
                0x08004e9c       0x34 D:/OneDrive/Frankencloud/Installable/AudioInterfaces/DaisySeed/DaisyExamples/libDaisy/build\libdaisy.a(uart.o)
                0x08004e9c                USART3_IRQHandler
 .text.UART4_IRQHandler
                0x08004ed0       0x34 D:/OneDrive/Frankencloud/Installable/AudioInterfaces/DaisySeed/DaisyExamples/libDaisy/build\libdaisy.a(uart.o)
                0x08004ed0                UART4_IRQHandler
 .text.UART5_IRQHandler
                0x08004f04       0x34 D:/OneDrive/Frankencloud/Installable/AudioInterfaces/DaisySeed/DaisyExamples/libDaisy/build\libdaisy.a(uart.o)
                0x08004f04                UART5_IRQHandler
 .text.USART6_IRQHandler
                0x08004f38       0x34 D:/OneDrive/Frankencloud/Installable/AudioInterfaces/DaisySeed/DaisyExamples/libDaisy/build\libdaisy.a(uart.o)
                0x08004f38                USART6_IRQHandler
 .text.UART7_IRQHandler
                0x08004f6c       0x34 D:/OneDrive/Frankencloud/Installable/AudioInterfaces/DaisySeed/DaisyExamples/libDaisy/build\libdaisy.a(uart.o)
                0x08004f6c                UART7_IRQHandler
 .text.UART8_IRQHandler
                0x08004fa0       0x34 D:/OneDrive/Frankencloud/Installable/AudioInterfaces/DaisySeed/DaisyExamples/libDaisy/build\libdaisy.a(uart.o)
                0x08004fa0                UART8_IRQHandler
 .text.LPUART1_IRQHandler
                0x08004fd4       0x34 D:/OneDrive/Frankencloud/Installable/AudioInterfaces/DaisySeed/DaisyExamples/libDaisy/build\libdaisy.a(uart.o)
                0x08004fd4                LPUART1_IRQHandler
 .text.DMA1_Stream5_IRQHandler
                0x08005008       0x34 D:/OneDrive/Frankencloud/Installable/AudioInterfaces/DaisySeed/DaisyExamples/libDaisy/build\libdaisy.a(uart.o)
                0x08005008                DMA1_Stream5_IRQHandler
 .text.DMA2_Stream4_IRQHandler
                0x0800503c       0x38 D:/OneDrive/Frankencloud/Installable/AudioInterfaces/DaisySeed/DaisyExamples/libDaisy/build\libdaisy.a(uart.o)
                0x0800503c                DMA2_Stream4_IRQHandler
 .text.HAL_UART_TxCpltCallback
                0x08005074        0x8 D:/OneDrive/Frankencloud/Installable/AudioInterfaces/DaisySeed/DaisyExamples/libDaisy/build\libdaisy.a(uart.o)
                0x08005074                HAL_UART_TxCpltCallback
 .text.HAL_UART_RxCpltCallback
                0x0800507c       0x94 D:/OneDrive/Frankencloud/Installable/AudioInterfaces/DaisySeed/DaisyExamples/libDaisy/build\libdaisy.a(uart.o)
                0x0800507c                HAL_UART_RxCpltCallback
 .text.HAL_UART_RxHalfCpltCallback
                0x08005110       0x90 D:/OneDrive/Frankencloud/Installable/AudioInterfaces/DaisySeed/DaisyExamples/libDaisy/build\libdaisy.a(uart.o)
                0x08005110                HAL_UART_RxHalfCpltCallback
 .text.HAL_UART_ErrorCallback
                0x080051a0        0x8 D:/OneDrive/Frankencloud/Installable/AudioInterfaces/DaisySeed/DaisyExamples/libDaisy/build\libdaisy.a(uart.o)
                0x080051a0                HAL_UART_ErrorCallback
 .text._ZN5daisy11UartHandler4InitERKNS0_6ConfigE
                0x080051a8       0xd4 D:/OneDrive/Frankencloud/Installable/AudioInterfaces/DaisySeed/DaisyExamples/libDaisy/build\libdaisy.a(uart.o)
                0x080051a8                daisy::UartHandler::Init(daisy::UartHandler::Config const&)
 .text.startup._GLOBAL__sub_I__Z19MapInstanceToHandleP13USART_TypeDef
                0x0800527c      0x194 D:/OneDrive/Frankencloud/Installable/AudioInterfaces/DaisySeed/DaisyExamples/libDaisy/build\libdaisy.a(uart.o)
 .text.dsy_dma_init
                0x08005410      0x100 D:/OneDrive/Frankencloud/Installable/AudioInterfaces/DaisySeed/DaisyExamples/libDaisy/build\libdaisy.a(dma.o)
                0x08005410                dsy_dma_init
 .text.dsy_dma_invalidate_cache_for_buffer
                0x08005510       0x2c D:/OneDrive/Frankencloud/Installable/AudioInterfaces/DaisySeed/DaisyExamples/libDaisy/build\libdaisy.a(dma.o)
                0x08005510                dsy_dma_invalidate_cache_for_buffer
 .text._ZN5daisy11TimerHandleD2Ev
                0x0800553c        0x4 D:/OneDrive/Frankencloud/Installable/AudioInterfaces/DaisySeed/DaisyExamples/libDaisy/build\libdaisy.a(system.o)
                0x0800553c                daisy::TimerHandle::~TimerHandle()
                0x0800553c                daisy::TimerHandle::~TimerHandle()
 .text.SysTick_Handler
                0x08005540       0x10 D:/OneDrive/Frankencloud/Installable/AudioInterfaces/DaisySeed/DaisyExamples/libDaisy/build\libdaisy.a(system.o)
                0x08005540                SysTick_Handler
 .text.OTG_HS_EP1_OUT_IRQHandler
                0x08005550       0x24 D:/OneDrive/Frankencloud/Installable/AudioInterfaces/DaisySeed/DaisyExamples/libDaisy/build\libdaisy.a(system.o)
                0x08005550                OTG_HS_EP1_OUT_IRQHandler
 .text.OTG_HS_EP1_IN_IRQHandler
                0x08005574       0x24 D:/OneDrive/Frankencloud/Installable/AudioInterfaces/DaisySeed/DaisyExamples/libDaisy/build\libdaisy.a(system.o)
                0x08005574                OTG_HS_EP1_IN_IRQHandler
 .text.OTG_HS_IRQHandler
                0x08005598       0x24 D:/OneDrive/Frankencloud/Installable/AudioInterfaces/DaisySeed/DaisyExamples/libDaisy/build\libdaisy.a(system.o)
                0x08005598                OTG_HS_IRQHandler
 .text.HardFault_Handler
                0x080055bc       0xe0 D:/OneDrive/Frankencloud/Installable/AudioInterfaces/DaisySeed/DaisyExamples/libDaisy/build\libdaisy.a(system.o)
                0x080055bc                HardFault_Handler
 .text._ZN5daisy6System6GetNowEv
                0x0800569c        0x4 D:/OneDrive/Frankencloud/Installable/AudioInterfaces/DaisySeed/DaisyExamples/libDaisy/build\libdaisy.a(system.o)
                0x0800569c                daisy::System::GetNow()
 .text._ZN5daisy6System5DelayEm
                0x080056a0        0x4 D:/OneDrive/Frankencloud/Installable/AudioInterfaces/DaisySeed/DaisyExamples/libDaisy/build\libdaisy.a(system.o)
                0x080056a0                daisy::System::Delay(unsigned long)
 .text._ZN5daisy6System20GetBootloaderVersionEv
                0x080056a4       0x34 D:/OneDrive/Frankencloud/Installable/AudioInterfaces/DaisySeed/DaisyExamples/libDaisy/build\libdaisy.a(system.o)
                0x080056a4                daisy::System::GetBootloaderVersion()
 .text._ZN5daisy6System15ConfigureClocksEv
                0x080056d8      0x194 D:/OneDrive/Frankencloud/Installable/AudioInterfaces/DaisySeed/DaisyExamples/libDaisy/build\libdaisy.a(system.o)
                0x080056d8                daisy::System::ConfigureClocks()
 .text._ZN5daisy6System12ConfigureMpuEv
                0x0800586c       0x7c D:/OneDrive/Frankencloud/Installable/AudioInterfaces/DaisySeed/DaisyExamples/libDaisy/build\libdaisy.a(system.o)
                0x0800586c                daisy::System::ConfigureMpu()
 .text._ZN5daisy6System4InitERKNS0_6ConfigE
                0x080058e8       0xec D:/OneDrive/Frankencloud/Installable/AudioInterfaces/DaisySeed/DaisyExamples/libDaisy/build\libdaisy.a(system.o)
                0x080058e8                daisy::System::Init(daisy::System::Config const&)
 .text._ZN5daisy6System12GetPClk1FreqEv
                0x080059d4        0x4 D:/OneDrive/Frankencloud/Installable/AudioInterfaces/DaisySeed/DaisyExamples/libDaisy/build\libdaisy.a(system.o)
                0x080059d4                daisy::System::GetPClk1Freq()
 .text._ZN5daisy6System22GetProgramMemoryRegionEv
                0x080059d8       0x78 D:/OneDrive/Frankencloud/Installable/AudioInterfaces/DaisySeed/DaisyExamples/libDaisy/build\libdaisy.a(system.o)
                0x080059d8                daisy::System::GetProgramMemoryRegion()
 .text.startup._GLOBAL__sub_I__ZN5daisy9boot_infoE
                0x08005a50       0x1c D:/OneDrive/Frankencloud/Installable/AudioInterfaces/DaisySeed/DaisyExamples/libDaisy/build\libdaisy.a(system.o)
 .text.SystemInit
                0x08005a6c       0x9c D:/OneDrive/Frankencloud/Installable/AudioInterfaces/DaisySeed/DaisyExamples/libDaisy/build\libdaisy.a(system_stm32h7xx.o)
                0x08005a6c                SystemInit
 .text.HAL_PCD_SetupStageCallback
                0x08005b08        0xc D:/OneDrive/Frankencloud/Installable/AudioInterfaces/DaisySeed/DaisyExamples/libDaisy/build\libdaisy.a(usbd_conf.o)
                0x08005b08                HAL_PCD_SetupStageCallback
 .text.HAL_PCD_DataOutStageCallback
                0x08005b14       0x14 D:/OneDrive/Frankencloud/Installable/AudioInterfaces/DaisySeed/DaisyExamples/libDaisy/build\libdaisy.a(usbd_conf.o)
                0x08005b14                HAL_PCD_DataOutStageCallback
 .text.HAL_PCD_DataInStageCallback
                0x08005b28       0x14 D:/OneDrive/Frankencloud/Installable/AudioInterfaces/DaisySeed/DaisyExamples/libDaisy/build\libdaisy.a(usbd_conf.o)
                0x08005b28                HAL_PCD_DataInStageCallback
 .text.HAL_PCD_SOFCallback
                0x08005b3c        0x8 D:/OneDrive/Frankencloud/Installable/AudioInterfaces/DaisySeed/DaisyExamples/libDaisy/build\libdaisy.a(usbd_conf.o)
                0x08005b3c                HAL_PCD_SOFCallback
 .text.HAL_PCD_ResetCallback
                0x08005b44       0x24 D:/OneDrive/Frankencloud/Installable/AudioInterfaces/DaisySeed/DaisyExamples/libDaisy/build\libdaisy.a(usbd_conf.o)
                0x08005b44                HAL_PCD_ResetCallback
 .text.HAL_PCD_SuspendCallback
                0x08005b68       0x30 D:/OneDrive/Frankencloud/Installable/AudioInterfaces/DaisySeed/DaisyExamples/libDaisy/build\libdaisy.a(usbd_conf.o)
                0x08005b68                HAL_PCD_SuspendCallback
 .text.HAL_PCD_ResumeCallback
                0x08005b98        0x8 D:/OneDrive/Frankencloud/Installable/AudioInterfaces/DaisySeed/DaisyExamples/libDaisy/build\libdaisy.a(usbd_conf.o)
                0x08005b98                HAL_PCD_ResumeCallback
 .text.HAL_PCD_ISOOUTIncompleteCallback
                0x08005ba0        0x8 D:/OneDrive/Frankencloud/Installable/AudioInterfaces/DaisySeed/DaisyExamples/libDaisy/build\libdaisy.a(usbd_conf.o)
                0x08005ba0                HAL_PCD_ISOOUTIncompleteCallback
 .text.HAL_PCD_ISOINIncompleteCallback
                0x08005ba8        0x8 D:/OneDrive/Frankencloud/Installable/AudioInterfaces/DaisySeed/DaisyExamples/libDaisy/build\libdaisy.a(usbd_conf.o)
                0x08005ba8                HAL_PCD_ISOINIncompleteCallback
 .text.HAL_PCD_ConnectCallback
                0x08005bb0        0x8 D:/OneDrive/Frankencloud/Installable/AudioInterfaces/DaisySeed/DaisyExamples/libDaisy/build\libdaisy.a(usbd_conf.o)
                0x08005bb0                HAL_PCD_ConnectCallback
 .text.HAL_PCD_DisconnectCallback
                0x08005bb8        0x8 D:/OneDrive/Frankencloud/Installable/AudioInterfaces/DaisySeed/DaisyExamples/libDaisy/build\libdaisy.a(usbd_conf.o)
                0x08005bb8                HAL_PCD_DisconnectCallback
 .text.USBD_LL_OpenEP
                0x08005bc0       0x24 D:/OneDrive/Frankencloud/Installable/AudioInterfaces/DaisySeed/DaisyExamples/libDaisy/build\libdaisy.a(usbd_conf.o)
                0x08005bc0                USBD_LL_OpenEP
 .text.USBD_LL_StallEP
                0x08005be4       0x1c D:/OneDrive/Frankencloud/Installable/AudioInterfaces/DaisySeed/DaisyExamples/libDaisy/build\libdaisy.a(usbd_conf.o)
                0x08005be4                USBD_LL_StallEP
 .text.USBD_LL_ClearStallEP
                0x08005c00       0x1c D:/OneDrive/Frankencloud/Installable/AudioInterfaces/DaisySeed/DaisyExamples/libDaisy/build\libdaisy.a(usbd_conf.o)
                0x08005c00                USBD_LL_ClearStallEP
 .text.USBD_LL_IsStallEP
                0x08005c1c       0x28 D:/OneDrive/Frankencloud/Installable/AudioInterfaces/DaisySeed/DaisyExamples/libDaisy/build\libdaisy.a(usbd_conf.o)
                0x08005c1c                USBD_LL_IsStallEP
 .text.USBD_LL_SetUSBAddress
                0x08005c44       0x1c D:/OneDrive/Frankencloud/Installable/AudioInterfaces/DaisySeed/DaisyExamples/libDaisy/build\libdaisy.a(usbd_conf.o)
                0x08005c44                USBD_LL_SetUSBAddress
 .text.USBD_LL_Transmit
                0x08005c60       0x1c D:/OneDrive/Frankencloud/Installable/AudioInterfaces/DaisySeed/DaisyExamples/libDaisy/build\libdaisy.a(usbd_conf.o)
                0x08005c60                USBD_LL_Transmit
 .text.USBD_LL_PrepareReceive
                0x08005c7c       0x1c D:/OneDrive/Frankencloud/Installable/AudioInterfaces/DaisySeed/DaisyExamples/libDaisy/build\libdaisy.a(usbd_conf.o)
                0x08005c7c                USBD_LL_PrepareReceive
 .text.HAL_HCD_SOF_Callback
                0x08005c98        0x8 D:/OneDrive/Frankencloud/Installable/AudioInterfaces/DaisySeed/DaisyExamples/libDaisy/build\libdaisy.a(usbh_conf.o)
                0x08005c98                HAL_HCD_SOF_Callback
 .text.HAL_HCD_Connect_Callback
                0x08005ca0        0x8 D:/OneDrive/Frankencloud/Installable/AudioInterfaces/DaisySeed/DaisyExamples/libDaisy/build\libdaisy.a(usbh_conf.o)
                0x08005ca0                HAL_HCD_Connect_Callback
 .text.HAL_HCD_Disconnect_Callback
                0x08005ca8        0x8 D:/OneDrive/Frankencloud/Installable/AudioInterfaces/DaisySeed/DaisyExamples/libDaisy/build\libdaisy.a(usbh_conf.o)
                0x08005ca8                HAL_HCD_Disconnect_Callback
 .text.HAL_HCD_HC_NotifyURBChange_Callback
                0x08005cb0        0x4 D:/OneDrive/Frankencloud/Installable/AudioInterfaces/DaisySeed/DaisyExamples/libDaisy/build\libdaisy.a(usbh_conf.o)
                0x08005cb0                HAL_HCD_HC_NotifyURBChange_Callback
 .text.HAL_HCD_PortEnabled_Callback
                0x08005cb4        0x8 D:/OneDrive/Frankencloud/Installable/AudioInterfaces/DaisySeed/DaisyExamples/libDaisy/build\libdaisy.a(usbh_conf.o)
                0x08005cb4                HAL_HCD_PortEnabled_Callback
 .text.HAL_HCD_PortDisabled_Callback
                0x08005cbc        0x8 D:/OneDrive/Frankencloud/Installable/AudioInterfaces/DaisySeed/DaisyExamples/libDaisy/build\libdaisy.a(usbh_conf.o)
                0x08005cbc                HAL_HCD_PortDisabled_Callback
 .text.USBH_LL_Stop
                0x08005cc4       0x1c D:/OneDrive/Frankencloud/Installable/AudioInterfaces/DaisySeed/DaisyExamples/libDaisy/build\libdaisy.a(usbh_conf.o)
                0x08005cc4                USBH_LL_Stop
 .text._ZN5daisy5Color4InitENS0_11PresetColorE
                0x08005ce0       0x20 D:/OneDrive/Frankencloud/Installable/AudioInterfaces/DaisySeed/DaisyExamples/libDaisy/build\libdaisy.a(color.o)
                0x08005ce0                daisy::Color::Init(daisy::Color::PresetColor)
 .text.dsy_hal_map_get_port
                0x08005d00       0x10 D:/OneDrive/Frankencloud/Installable/AudioInterfaces/DaisySeed/DaisyExamples/libDaisy/build\libdaisy.a(hal_map.o)
                0x08005d00                dsy_hal_map_get_port
 .text.dsy_hal_map_get_pin
                0x08005d10       0x10 D:/OneDrive/Frankencloud/Installable/AudioInterfaces/DaisySeed/DaisyExamples/libDaisy/build\libdaisy.a(hal_map.o)
                0x08005d10                dsy_hal_map_get_pin
 .text.dsy_hal_map_gpio_clk_enable
                0x08005d20      0x150 D:/OneDrive/Frankencloud/Installable/AudioInterfaces/DaisySeed/DaisyExamples/libDaisy/build\libdaisy.a(hal_map.o)
                0x08005d20                dsy_hal_map_gpio_clk_enable
 .text.HAL_MspInit
                0x08005e70        0x4 D:/OneDrive/Frankencloud/Installable/AudioInterfaces/DaisySeed/DaisyExamples/libDaisy/build\libdaisy.a(stm32h7xx_hal.o)
                0x08005e70                HAL_MspInit
 .text.HAL_InitTick
                0x08005e74       0x4c D:/OneDrive/Frankencloud/Installable/AudioInterfaces/DaisySeed/DaisyExamples/libDaisy/build\libdaisy.a(stm32h7xx_hal.o)
                0x08005e74                HAL_InitTick
 .text.HAL_Init
                0x08005ec0       0x60 D:/OneDrive/Frankencloud/Installable/AudioInterfaces/DaisySeed/DaisyExamples/libDaisy/build\libdaisy.a(stm32h7xx_hal.o)
                0x08005ec0                HAL_Init
 .text.HAL_IncTick
                0x08005f20       0x18 D:/OneDrive/Frankencloud/Installable/AudioInterfaces/DaisySeed/DaisyExamples/libDaisy/build\libdaisy.a(stm32h7xx_hal.o)
                0x08005f20                HAL_IncTick
 .text.HAL_GetTick
                0x08005f38        0xc D:/OneDrive/Frankencloud/Installable/AudioInterfaces/DaisySeed/DaisyExamples/libDaisy/build\libdaisy.a(stm32h7xx_hal.o)
                0x08005f38                HAL_GetTick
 .text.HAL_Delay
                0x08005f44       0x24 D:/OneDrive/Frankencloud/Installable/AudioInterfaces/DaisySeed/DaisyExamples/libDaisy/build\libdaisy.a(stm32h7xx_hal.o)
                0x08005f44                HAL_Delay
 .text.HAL_GetREVID
                0x08005f68        0xc D:/OneDrive/Frankencloud/Installable/AudioInterfaces/DaisySeed/DaisyExamples/libDaisy/build\libdaisy.a(stm32h7xx_hal.o)
                0x08005f68                HAL_GetREVID
 .text.HAL_ADC_ConvHalfCpltCallback
                0x08005f74        0x4 D:/OneDrive/Frankencloud/Installable/AudioInterfaces/DaisySeed/DaisyExamples/libDaisy/build\libdaisy.a(stm32h7xx_hal_adc.o)
                0x08005f74                HAL_ADC_ConvHalfCpltCallback
 .text.ADC_DMAHalfConvCplt
                0x08005f78        0xc D:/OneDrive/Frankencloud/Installable/AudioInterfaces/DaisySeed/DaisyExamples/libDaisy/build\libdaisy.a(stm32h7xx_hal_adc.o)
                0x08005f78                ADC_DMAHalfConvCplt
 .text.ADC_DMAConvCplt
                0x08005f84       0x6c D:/OneDrive/Frankencloud/Installable/AudioInterfaces/DaisySeed/DaisyExamples/libDaisy/build\libdaisy.a(stm32h7xx_hal_adc.o)
                0x08005f84                ADC_DMAConvCplt
 .text.ADC_DMAError
                0x08005ff0       0x1c D:/OneDrive/Frankencloud/Installable/AudioInterfaces/DaisySeed/DaisyExamples/libDaisy/build\libdaisy.a(stm32h7xx_hal_adc.o)
                0x08005ff0                ADC_DMAError
 .text.HAL_ADC_ConfigChannel
                0x0800600c      0x3fc D:/OneDrive/Frankencloud/Installable/AudioInterfaces/DaisySeed/DaisyExamples/libDaisy/build\libdaisy.a(stm32h7xx_hal_adc.o)
                0x0800600c                HAL_ADC_ConfigChannel
 .text.ADC_Enable
                0x08006408       0xac D:/OneDrive/Frankencloud/Installable/AudioInterfaces/DaisySeed/DaisyExamples/libDaisy/build\libdaisy.a(stm32h7xx_hal_adc.o)
                0x08006408                ADC_Enable
 .text.HAL_ADC_Start_DMA
                0x080064b4      0x114 D:/OneDrive/Frankencloud/Installable/AudioInterfaces/DaisySeed/DaisyExamples/libDaisy/build\libdaisy.a(stm32h7xx_hal_adc.o)
                0x080064b4                HAL_ADC_Start_DMA
 .text.ADC_Disable
                0x080065c8       0x68 D:/OneDrive/Frankencloud/Installable/AudioInterfaces/DaisySeed/DaisyExamples/libDaisy/build\libdaisy.a(stm32h7xx_hal_adc.o)
                0x080065c8                ADC_Disable
 .text.ADC_ConfigureBoostMode
                0x08006630      0x184 D:/OneDrive/Frankencloud/Installable/AudioInterfaces/DaisySeed/DaisyExamples/libDaisy/build\libdaisy.a(stm32h7xx_hal_adc.o)
                0x08006630                ADC_ConfigureBoostMode
 .text.HAL_ADC_Init
                0x080067b4      0x218 D:/OneDrive/Frankencloud/Installable/AudioInterfaces/DaisySeed/DaisyExamples/libDaisy/build\libdaisy.a(stm32h7xx_hal_adc.o)
                0x080067b4                HAL_ADC_Init
 .text.HAL_ADCEx_Calibration_Start
                0x080069cc       0xa4 D:/OneDrive/Frankencloud/Installable/AudioInterfaces/DaisySeed/DaisyExamples/libDaisy/build\libdaisy.a(stm32h7xx_hal_adc_ex.o)
                0x080069cc                HAL_ADCEx_Calibration_Start
 .text.HAL_ADCEx_MultiModeConfigChannel
                0x08006a70       0xc4 D:/OneDrive/Frankencloud/Installable/AudioInterfaces/DaisySeed/DaisyExamples/libDaisy/build\libdaisy.a(stm32h7xx_hal_adc_ex.o)
                0x08006a70                HAL_ADCEx_MultiModeConfigChannel
 .text.HAL_NVIC_SetPriorityGrouping
                0x08006b34       0x24 D:/OneDrive/Frankencloud/Installable/AudioInterfaces/DaisySeed/DaisyExamples/libDaisy/build\libdaisy.a(stm32h7xx_hal_cortex.o)
                0x08006b34                HAL_NVIC_SetPriorityGrouping
 .text.HAL_NVIC_SetPriority
                0x08006b58       0x7c D:/OneDrive/Frankencloud/Installable/AudioInterfaces/DaisySeed/DaisyExamples/libDaisy/build\libdaisy.a(stm32h7xx_hal_cortex.o)
                0x08006b58                HAL_NVIC_SetPriority
 .text.HAL_NVIC_EnableIRQ
                0x08006bd4       0x1c D:/OneDrive/Frankencloud/Installable/AudioInterfaces/DaisySeed/DaisyExamples/libDaisy/build\libdaisy.a(stm32h7xx_hal_cortex.o)
                0x08006bd4                HAL_NVIC_EnableIRQ
 .text.HAL_NVIC_DisableIRQ
                0x08006bf0       0x28 D:/OneDrive/Frankencloud/Installable/AudioInterfaces/DaisySeed/DaisyExamples/libDaisy/build\libdaisy.a(stm32h7xx_hal_cortex.o)
                0x08006bf0                HAL_NVIC_DisableIRQ
 .text.HAL_SYSTICK_Config
                0x08006c18       0x2c D:/OneDrive/Frankencloud/Installable/AudioInterfaces/DaisySeed/DaisyExamples/libDaisy/build\libdaisy.a(stm32h7xx_hal_cortex.o)
                0x08006c18                HAL_SYSTICK_Config
 .text.HAL_MPU_Disable
                0x08006c44       0x1c D:/OneDrive/Frankencloud/Installable/AudioInterfaces/DaisySeed/DaisyExamples/libDaisy/build\libdaisy.a(stm32h7xx_hal_cortex.o)
                0x08006c44                HAL_MPU_Disable
 .text.HAL_MPU_Enable
                0x08006c60       0x20 D:/OneDrive/Frankencloud/Installable/AudioInterfaces/DaisySeed/DaisyExamples/libDaisy/build\libdaisy.a(stm32h7xx_hal_cortex.o)
                0x08006c60                HAL_MPU_Enable
 .text.HAL_MPU_ConfigRegion
                0x08006c80       0x64 D:/OneDrive/Frankencloud/Installable/AudioInterfaces/DaisySeed/DaisyExamples/libDaisy/build\libdaisy.a(stm32h7xx_hal_cortex.o)
                0x08006c80                HAL_MPU_ConfigRegion
 .text.HAL_SYSTICK_Callback
                0x08006ce4        0x4 D:/OneDrive/Frankencloud/Installable/AudioInterfaces/DaisySeed/DaisyExamples/libDaisy/build\libdaisy.a(stm32h7xx_hal_cortex.o)
                0x08006ce4                HAL_SYSTICK_Callback
 .text.HAL_SYSTICK_IRQHandler
                0x08006ce8        0x8 D:/OneDrive/Frankencloud/Installable/AudioInterfaces/DaisySeed/DaisyExamples/libDaisy/build\libdaisy.a(stm32h7xx_hal_cortex.o)
                0x08006ce8                HAL_SYSTICK_IRQHandler
 .text.DMA_CalcBaseAndBitshift
                0x08006cf0       0xf4 D:/OneDrive/Frankencloud/Installable/AudioInterfaces/DaisySeed/DaisyExamples/libDaisy/build\libdaisy.a(stm32h7xx_hal_dma.o)
 .text.DMA_CalcDMAMUXChannelBaseAndMask
                0x08006de4       0xd8 D:/OneDrive/Frankencloud/Installable/AudioInterfaces/DaisySeed/DaisyExamples/libDaisy/build\libdaisy.a(stm32h7xx_hal_dma.o)
 .text.HAL_DMA_Init
                0x08006ebc      0x37c D:/OneDrive/Frankencloud/Installable/AudioInterfaces/DaisySeed/DaisyExamples/libDaisy/build\libdaisy.a(stm32h7xx_hal_dma.o)
                0x08006ebc                HAL_DMA_Init
 .text.HAL_DMA_Start_IT
                0x08007238      0x240 D:/OneDrive/Frankencloud/Installable/AudioInterfaces/DaisySeed/DaisyExamples/libDaisy/build\libdaisy.a(stm32h7xx_hal_dma.o)
                0x08007238                HAL_DMA_Start_IT
 .text.HAL_DMA_Abort_IT
                0x08007478      0x134 D:/OneDrive/Frankencloud/Installable/AudioInterfaces/DaisySeed/DaisyExamples/libDaisy/build\libdaisy.a(stm32h7xx_hal_dma.o)
                0x08007478                HAL_DMA_Abort_IT
 .text.HAL_DMA_IRQHandler
                0x080075ac      0x6a0 D:/OneDrive/Frankencloud/Installable/AudioInterfaces/DaisySeed/DaisyExamples/libDaisy/build\libdaisy.a(stm32h7xx_hal_dma.o)
                0x080075ac                HAL_DMA_IRQHandler
 .text.HAL_DMA_GetError
                0x08007c4c        0x4 D:/OneDrive/Frankencloud/Installable/AudioInterfaces/DaisySeed/DaisyExamples/libDaisy/build\libdaisy.a(stm32h7xx_hal_dma.o)
                0x08007c4c                HAL_DMA_GetError
 .text.HAL_GPIO_Init
                0x08007c50      0x280 D:/OneDrive/Frankencloud/Installable/AudioInterfaces/DaisySeed/DaisyExamples/libDaisy/build\libdaisy.a(stm32h7xx_hal_gpio.o)
                0x08007c50                HAL_GPIO_Init
 .text.HAL_GPIO_DeInit
                0x08007ed0      0x190 D:/OneDrive/Frankencloud/Installable/AudioInterfaces/DaisySeed/DaisyExamples/libDaisy/build\libdaisy.a(stm32h7xx_hal_gpio.o)
                0x08007ed0                HAL_GPIO_DeInit
 .text.HAL_GPIO_ReadPin
                0x08008060        0xc D:/OneDrive/Frankencloud/Installable/AudioInterfaces/DaisySeed/DaisyExamples/libDaisy/build\libdaisy.a(stm32h7xx_hal_gpio.o)
                0x08008060                HAL_GPIO_ReadPin
 .text.HAL_GPIO_WritePin
                0x0800806c        0x8 D:/OneDrive/Frankencloud/Installable/AudioInterfaces/DaisySeed/DaisyExamples/libDaisy/build\libdaisy.a(stm32h7xx_hal_gpio.o)
                0x0800806c                HAL_GPIO_WritePin
 .text.HAL_HCD_IRQHandler
                0x08008074      0x780 D:/OneDrive/Frankencloud/Installable/AudioInterfaces/DaisySeed/DaisyExamples/libDaisy/build\libdaisy.a(stm32h7xx_hal_hcd.o)
                0x08008074                HAL_HCD_IRQHandler
 .text.HAL_HCD_Stop
                0x080087f4       0x28 D:/OneDrive/Frankencloud/Installable/AudioInterfaces/DaisySeed/DaisyExamples/libDaisy/build\libdaisy.a(stm32h7xx_hal_hcd.o)
                0x080087f4                HAL_HCD_Stop
 .text.I2C_WaitOnTXISFlagUntilTimeout
                0x0800881c       0xb8 D:/OneDrive/Frankencloud/Installable/AudioInterfaces/DaisySeed/DaisyExamples/libDaisy/build\libdaisy.a(stm32h7xx_hal_i2c.o)
 .text.I2C_WaitOnSTOPFlagUntilTimeout
                0x080088d4       0xac D:/OneDrive/Frankencloud/Installable/AudioInterfaces/DaisySeed/DaisyExamples/libDaisy/build\libdaisy.a(stm32h7xx_hal_i2c.o)
 .text.HAL_I2C_Init
                0x08008980       0xac D:/OneDrive/Frankencloud/Installable/AudioInterfaces/DaisySeed/DaisyExamples/libDaisy/build\libdaisy.a(stm32h7xx_hal_i2c.o)
                0x08008980                HAL_I2C_Init
 .text.HAL_I2C_Master_Transmit
                0x08008a2c      0x1a8 D:/OneDrive/Frankencloud/Installable/AudioInterfaces/DaisySeed/DaisyExamples/libDaisy/build\libdaisy.a(stm32h7xx_hal_i2c.o)
                0x08008a2c                HAL_I2C_Master_Transmit
 .text.HAL_I2C_Slave_Transmit
                0x08008bd4      0x1c8 D:/OneDrive/Frankencloud/Installable/AudioInterfaces/DaisySeed/DaisyExamples/libDaisy/build\libdaisy.a(stm32h7xx_hal_i2c.o)
                0x08008bd4                HAL_I2C_Slave_Transmit
 .text.HAL_I2C_EV_IRQHandler
                0x08008d9c       0x10 D:/OneDrive/Frankencloud/Installable/AudioInterfaces/DaisySeed/DaisyExamples/libDaisy/build\libdaisy.a(stm32h7xx_hal_i2c.o)
                0x08008d9c                HAL_I2C_EV_IRQHandler
 .text.HAL_I2C_GetState
                0x08008dac        0x8 D:/OneDrive/Frankencloud/Installable/AudioInterfaces/DaisySeed/DaisyExamples/libDaisy/build\libdaisy.a(stm32h7xx_hal_i2c.o)
                0x08008dac                HAL_I2C_GetState
 .text.HAL_I2CEx_ConfigAnalogFilter
                0x08008db4       0x54 D:/OneDrive/Frankencloud/Installable/AudioInterfaces/DaisySeed/DaisyExamples/libDaisy/build\libdaisy.a(stm32h7xx_hal_i2c_ex.o)
                0x08008db4                HAL_I2CEx_ConfigAnalogFilter
 .text.HAL_I2CEx_ConfigDigitalFilter
                0x08008e08       0x58 D:/OneDrive/Frankencloud/Installable/AudioInterfaces/DaisySeed/DaisyExamples/libDaisy/build\libdaisy.a(stm32h7xx_hal_i2c_ex.o)
                0x08008e08                HAL_I2CEx_ConfigDigitalFilter
 .text.HAL_PCD_IRQHandler
                0x08008e60      0x69c D:/OneDrive/Frankencloud/Installable/AudioInterfaces/DaisySeed/DaisyExamples/libDaisy/build\libdaisy.a(stm32h7xx_hal_pcd.o)
                0x08008e60                HAL_PCD_IRQHandler
 .text.HAL_PCD_SetAddress
                0x080094fc       0x2c D:/OneDrive/Frankencloud/Installable/AudioInterfaces/DaisySeed/DaisyExamples/libDaisy/build\libdaisy.a(stm32h7xx_hal_pcd.o)
                0x080094fc                HAL_PCD_SetAddress
 .text.HAL_PCD_EP_Open
                0x08009528       0x7c D:/OneDrive/Frankencloud/Installable/AudioInterfaces/DaisySeed/DaisyExamples/libDaisy/build\libdaisy.a(stm32h7xx_hal_pcd.o)
                0x08009528                HAL_PCD_EP_Open
 .text.HAL_PCD_EP_Receive
                0x080095a4       0x50 D:/OneDrive/Frankencloud/Installable/AudioInterfaces/DaisySeed/DaisyExamples/libDaisy/build\libdaisy.a(stm32h7xx_hal_pcd.o)
                0x080095a4                HAL_PCD_EP_Receive
 .text.HAL_PCD_EP_Transmit
                0x080095f4       0x50 D:/OneDrive/Frankencloud/Installable/AudioInterfaces/DaisySeed/DaisyExamples/libDaisy/build\libdaisy.a(stm32h7xx_hal_pcd.o)
                0x080095f4                HAL_PCD_EP_Transmit
 .text.HAL_PCD_EP_SetStall
                0x08009644       0x88 D:/OneDrive/Frankencloud/Installable/AudioInterfaces/DaisySeed/DaisyExamples/libDaisy/build\libdaisy.a(stm32h7xx_hal_pcd.o)
                0x08009644                HAL_PCD_EP_SetStall
 .text.HAL_PCD_EP_ClrStall
                0x080096cc       0x78 D:/OneDrive/Frankencloud/Installable/AudioInterfaces/DaisySeed/DaisyExamples/libDaisy/build\libdaisy.a(stm32h7xx_hal_pcd.o)
                0x080096cc                HAL_PCD_EP_ClrStall
 .text.HAL_PCDEx_LPM_Callback
                0x08009744        0x4 D:/OneDrive/Frankencloud/Installable/AudioInterfaces/DaisySeed/DaisyExamples/libDaisy/build\libdaisy.a(stm32h7xx_hal_pcd_ex.o)
                0x08009744                HAL_PCDEx_LPM_Callback
 .text.HAL_PWREx_ConfigSupply
                0x08009748       0x4c D:/OneDrive/Frankencloud/Installable/AudioInterfaces/DaisySeed/DaisyExamples/libDaisy/build\libdaisy.a(stm32h7xx_hal_pwr_ex.o)
                0x08009748                HAL_PWREx_ConfigSupply
 .text.HAL_PWREx_EnableUSBVoltageDetector
                0x08009794       0x10 D:/OneDrive/Frankencloud/Installable/AudioInterfaces/DaisySeed/DaisyExamples/libDaisy/build\libdaisy.a(stm32h7xx_hal_pwr_ex.o)
                0x08009794                HAL_PWREx_EnableUSBVoltageDetector
 .text.QSPI_Config
                0x080097a4      0x174 D:/OneDrive/Frankencloud/Installable/AudioInterfaces/DaisySeed/DaisyExamples/libDaisy/build\libdaisy.a(stm32h7xx_hal_qspi.o)
 .text.HAL_QSPI_Init
                0x08009918       0xd8 D:/OneDrive/Frankencloud/Installable/AudioInterfaces/DaisySeed/DaisyExamples/libDaisy/build\libdaisy.a(stm32h7xx_hal_qspi.o)
                0x08009918                HAL_QSPI_Init
 .text.HAL_QSPI_DeInit
                0x080099f0       0x3c D:/OneDrive/Frankencloud/Installable/AudioInterfaces/DaisySeed/DaisyExamples/libDaisy/build\libdaisy.a(stm32h7xx_hal_qspi.o)
                0x080099f0                HAL_QSPI_DeInit
 .text.HAL_QSPI_Command
                0x08009a2c       0xd4 D:/OneDrive/Frankencloud/Installable/AudioInterfaces/DaisySeed/DaisyExamples/libDaisy/build\libdaisy.a(stm32h7xx_hal_qspi.o)
                0x08009a2c                HAL_QSPI_Command
 .text.HAL_QSPI_Transmit
                0x08009b00       0xfc D:/OneDrive/Frankencloud/Installable/AudioInterfaces/DaisySeed/DaisyExamples/libDaisy/build\libdaisy.a(stm32h7xx_hal_qspi.o)
                0x08009b00                HAL_QSPI_Transmit
 .text.HAL_QSPI_Receive
                0x08009bfc      0x108 D:/OneDrive/Frankencloud/Installable/AudioInterfaces/DaisySeed/DaisyExamples/libDaisy/build\libdaisy.a(stm32h7xx_hal_qspi.o)
                0x08009bfc                HAL_QSPI_Receive
 .text.HAL_QSPI_AutoPolling
                0x08009d04       0xf0 D:/OneDrive/Frankencloud/Installable/AudioInterfaces/DaisySeed/DaisyExamples/libDaisy/build\libdaisy.a(stm32h7xx_hal_qspi.o)
                0x08009d04                HAL_QSPI_AutoPolling
 .text.HAL_QSPI_MemoryMapped
                0x08009df4       0xc0 D:/OneDrive/Frankencloud/Installable/AudioInterfaces/DaisySeed/DaisyExamples/libDaisy/build\libdaisy.a(stm32h7xx_hal_qspi.o)
                0x08009df4                HAL_QSPI_MemoryMapped
 .text.HAL_QSPI_ErrorCallback
                0x08009eb4        0x4 D:/OneDrive/Frankencloud/Installable/AudioInterfaces/DaisySeed/DaisyExamples/libDaisy/build\libdaisy.a(stm32h7xx_hal_qspi.o)
                0x08009eb4                HAL_QSPI_ErrorCallback
 .text.QSPI_DMAAbortCplt
                0x08009eb8       0x38 D:/OneDrive/Frankencloud/Installable/AudioInterfaces/DaisySeed/DaisyExamples/libDaisy/build\libdaisy.a(stm32h7xx_hal_qspi.o)
 .text.HAL_QSPI_AbortCpltCallback
                0x08009ef0        0x4 D:/OneDrive/Frankencloud/Installable/AudioInterfaces/DaisySeed/DaisyExamples/libDaisy/build\libdaisy.a(stm32h7xx_hal_qspi.o)
                0x08009ef0                HAL_QSPI_AbortCpltCallback
 .text.HAL_QSPI_CmdCpltCallback
                0x08009ef4        0x4 D:/OneDrive/Frankencloud/Installable/AudioInterfaces/DaisySeed/DaisyExamples/libDaisy/build\libdaisy.a(stm32h7xx_hal_qspi.o)
                0x08009ef4                HAL_QSPI_CmdCpltCallback
 .text.HAL_QSPI_RxCpltCallback
                0x08009ef8        0x4 D:/OneDrive/Frankencloud/Installable/AudioInterfaces/DaisySeed/DaisyExamples/libDaisy/build\libdaisy.a(stm32h7xx_hal_qspi.o)
                0x08009ef8                HAL_QSPI_RxCpltCallback
 .text.HAL_QSPI_TxCpltCallback
                0x08009efc        0x4 D:/OneDrive/Frankencloud/Installable/AudioInterfaces/DaisySeed/DaisyExamples/libDaisy/build\libdaisy.a(stm32h7xx_hal_qspi.o)
                0x08009efc                HAL_QSPI_TxCpltCallback
 .text.HAL_QSPI_FifoThresholdCallback
                0x08009f00        0x4 D:/OneDrive/Frankencloud/Installable/AudioInterfaces/DaisySeed/DaisyExamples/libDaisy/build\libdaisy.a(stm32h7xx_hal_qspi.o)
                0x08009f00                HAL_QSPI_FifoThresholdCallback
 .text.HAL_QSPI_StatusMatchCallback
                0x08009f04        0x4 D:/OneDrive/Frankencloud/Installable/AudioInterfaces/DaisySeed/DaisyExamples/libDaisy/build\libdaisy.a(stm32h7xx_hal_qspi.o)
                0x08009f04                HAL_QSPI_StatusMatchCallback
 .text.HAL_QSPI_TimeOutCallback
                0x08009f08        0x4 D:/OneDrive/Frankencloud/Installable/AudioInterfaces/DaisySeed/DaisyExamples/libDaisy/build\libdaisy.a(stm32h7xx_hal_qspi.o)
                0x08009f08                HAL_QSPI_TimeOutCallback
 .text.HAL_QSPI_IRQHandler
                0x08009f0c      0x210 D:/OneDrive/Frankencloud/Installable/AudioInterfaces/DaisySeed/DaisyExamples/libDaisy/build\libdaisy.a(stm32h7xx_hal_qspi.o)
                0x08009f0c                HAL_QSPI_IRQHandler
 .text.HAL_RCC_OscConfig
                0x0800a11c      0x51c D:/OneDrive/Frankencloud/Installable/AudioInterfaces/DaisySeed/DaisyExamples/libDaisy/build\libdaisy.a(stm32h7xx_hal_rcc.o)
                0x0800a11c                HAL_RCC_OscConfig
 .text.HAL_RCC_GetSysClockFreq
                0x0800a638      0x140 D:/OneDrive/Frankencloud/Installable/AudioInterfaces/DaisySeed/DaisyExamples/libDaisy/build\libdaisy.a(stm32h7xx_hal_rcc.o)
                0x0800a638                HAL_RCC_GetSysClockFreq
 .text.HAL_RCC_ClockConfig
                0x0800a778      0x234 D:/OneDrive/Frankencloud/Installable/AudioInterfaces/DaisySeed/DaisyExamples/libDaisy/build\libdaisy.a(stm32h7xx_hal_rcc.o)
                0x0800a778                HAL_RCC_ClockConfig
 .text.HAL_RCC_GetHCLKFreq
                0x0800a9ac       0x2c D:/OneDrive/Frankencloud/Installable/AudioInterfaces/DaisySeed/DaisyExamples/libDaisy/build\libdaisy.a(stm32h7xx_hal_rcc.o)
                0x0800a9ac                HAL_RCC_GetHCLKFreq
 .text.HAL_RCC_GetPCLK1Freq
                0x0800a9d8       0x38 D:/OneDrive/Frankencloud/Installable/AudioInterfaces/DaisySeed/DaisyExamples/libDaisy/build\libdaisy.a(stm32h7xx_hal_rcc.o)
                0x0800a9d8                HAL_RCC_GetPCLK1Freq
 .text.HAL_RCC_GetPCLK2Freq
                0x0800aa10       0x38 D:/OneDrive/Frankencloud/Installable/AudioInterfaces/DaisySeed/DaisyExamples/libDaisy/build\libdaisy.a(stm32h7xx_hal_rcc.o)
                0x0800aa10                HAL_RCC_GetPCLK2Freq
 .text.RCCEx_PLL2_Config
                0x0800aa48       0xf4 D:/OneDrive/Frankencloud/Installable/AudioInterfaces/DaisySeed/DaisyExamples/libDaisy/build\libdaisy.a(stm32h7xx_hal_rcc_ex.o)
 .text.RCCEx_PLL3_Config
                0x0800ab3c       0xf4 D:/OneDrive/Frankencloud/Installable/AudioInterfaces/DaisySeed/DaisyExamples/libDaisy/build\libdaisy.a(stm32h7xx_hal_rcc_ex.o)
 .text.HAL_RCCEx_PeriphCLKConfig
                0x0800ac30      0xa7c D:/OneDrive/Frankencloud/Installable/AudioInterfaces/DaisySeed/DaisyExamples/libDaisy/build\libdaisy.a(stm32h7xx_hal_rcc_ex.o)
                0x0800ac30                HAL_RCCEx_PeriphCLKConfig
 .text.HAL_RCCEx_GetD3PCLK1Freq
                0x0800b6ac       0x24 D:/OneDrive/Frankencloud/Installable/AudioInterfaces/DaisySeed/DaisyExamples/libDaisy/build\libdaisy.a(stm32h7xx_hal_rcc_ex.o)
                0x0800b6ac                HAL_RCCEx_GetD3PCLK1Freq
 .text.HAL_RCCEx_GetPLL2ClockFreq
                0x0800b6d0      0x17c D:/OneDrive/Frankencloud/Installable/AudioInterfaces/DaisySeed/DaisyExamples/libDaisy/build\libdaisy.a(stm32h7xx_hal_rcc_ex.o)
                0x0800b6d0                HAL_RCCEx_GetPLL2ClockFreq
 .text.HAL_RCCEx_GetPLL3ClockFreq
                0x0800b84c      0x17c D:/OneDrive/Frankencloud/Installable/AudioInterfaces/DaisySeed/DaisyExamples/libDaisy/build\libdaisy.a(stm32h7xx_hal_rcc_ex.o)
                0x0800b84c                HAL_RCCEx_GetPLL3ClockFreq
 .text.HAL_RCCEx_GetPLL1ClockFreq
                0x0800b9c8      0x17c D:/OneDrive/Frankencloud/Installable/AudioInterfaces/DaisySeed/DaisyExamples/libDaisy/build\libdaisy.a(stm32h7xx_hal_rcc_ex.o)
                0x0800b9c8                HAL_RCCEx_GetPLL1ClockFreq
 .text.HAL_RCCEx_GetPeriphCLKFreq
                0x0800bb44      0x198 D:/OneDrive/Frankencloud/Installable/AudioInterfaces/DaisySeed/DaisyExamples/libDaisy/build\libdaisy.a(stm32h7xx_hal_rcc_ex.o)
                0x0800bb44                HAL_RCCEx_GetPeriphCLKFreq
 .text.HAL_RCCEx_GetD1SysClockFreq
                0x0800bcdc       0x2c D:/OneDrive/Frankencloud/Installable/AudioInterfaces/DaisySeed/DaisyExamples/libDaisy/build\libdaisy.a(stm32h7xx_hal_rcc_ex.o)
                0x0800bcdc                HAL_RCCEx_GetD1SysClockFreq
 .text.HAL_SAI_Init.part.0
                0x0800bd08      0x348 D:/OneDrive/Frankencloud/Installable/AudioInterfaces/DaisySeed/DaisyExamples/libDaisy/build\libdaisy.a(stm32h7xx_hal_sai.o)
 .text.HAL_SAI_InitProtocol
                0x0800c050      0x178 D:/OneDrive/Frankencloud/Installable/AudioInterfaces/DaisySeed/DaisyExamples/libDaisy/build\libdaisy.a(stm32h7xx_hal_sai.o)
                0x0800c050                HAL_SAI_InitProtocol
 .text.HAL_SAI_Transmit_DMA
                0x0800c1c8      0x124 D:/OneDrive/Frankencloud/Installable/AudioInterfaces/DaisySeed/DaisyExamples/libDaisy/build\libdaisy.a(stm32h7xx_hal_sai.o)
                0x0800c1c8                HAL_SAI_Transmit_DMA
 .text.HAL_SAI_Receive_DMA
                0x0800c2ec       0xd0 D:/OneDrive/Frankencloud/Installable/AudioInterfaces/DaisySeed/DaisyExamples/libDaisy/build\libdaisy.a(stm32h7xx_hal_sai.o)
                0x0800c2ec                HAL_SAI_Receive_DMA
 .text.HAL_SAI_TxCpltCallback
                0x0800c3bc        0x4 D:/OneDrive/Frankencloud/Installable/AudioInterfaces/DaisySeed/DaisyExamples/libDaisy/build\libdaisy.a(stm32h7xx_hal_sai.o)
                0x0800c3bc                HAL_SAI_TxCpltCallback
 .text.SAI_DMATxCplt
                0x0800c3c0       0x64 D:/OneDrive/Frankencloud/Installable/AudioInterfaces/DaisySeed/DaisyExamples/libDaisy/build\libdaisy.a(stm32h7xx_hal_sai.o)
 .text.HAL_SAI_TxHalfCpltCallback
                0x0800c424        0x4 D:/OneDrive/Frankencloud/Installable/AudioInterfaces/DaisySeed/DaisyExamples/libDaisy/build\libdaisy.a(stm32h7xx_hal_sai.o)
                0x0800c424                HAL_SAI_TxHalfCpltCallback
 .text.SAI_DMATxHalfCplt
                0x0800c428        0xc D:/OneDrive/Frankencloud/Installable/AudioInterfaces/DaisySeed/DaisyExamples/libDaisy/build\libdaisy.a(stm32h7xx_hal_sai.o)
 .text.SAI_DMARxCplt
                0x0800c434       0x64 D:/OneDrive/Frankencloud/Installable/AudioInterfaces/DaisySeed/DaisyExamples/libDaisy/build\libdaisy.a(stm32h7xx_hal_sai.o)
 .text.SAI_DMARxHalfCplt
                0x0800c498        0xc D:/OneDrive/Frankencloud/Installable/AudioInterfaces/DaisySeed/DaisyExamples/libDaisy/build\libdaisy.a(stm32h7xx_hal_sai.o)
 .text.HAL_SAI_ErrorCallback
                0x0800c4a4        0x4 D:/OneDrive/Frankencloud/Installable/AudioInterfaces/DaisySeed/DaisyExamples/libDaisy/build\libdaisy.a(stm32h7xx_hal_sai.o)
                0x0800c4a4                HAL_SAI_ErrorCallback
 .text.SAI_DMAError
                0x0800c4a8       0x6c D:/OneDrive/Frankencloud/Installable/AudioInterfaces/DaisySeed/DaisyExamples/libDaisy/build\libdaisy.a(stm32h7xx_hal_sai.o)
 .text.HAL_SDRAM_Init
                0x0800c514       0x54 D:/OneDrive/Frankencloud/Installable/AudioInterfaces/DaisySeed/DaisyExamples/libDaisy/build\libdaisy.a(stm32h7xx_hal_sdram.o)
                0x0800c514                HAL_SDRAM_Init
 .text.HAL_SDRAM_SendCommand
                0x0800c568       0x40 D:/OneDrive/Frankencloud/Installable/AudioInterfaces/DaisySeed/DaisyExamples/libDaisy/build\libdaisy.a(stm32h7xx_hal_sdram.o)
                0x0800c568                HAL_SDRAM_SendCommand
 .text.HAL_SDRAM_ProgramRefreshRate
                0x0800c5a8       0x30 D:/OneDrive/Frankencloud/Installable/AudioInterfaces/DaisySeed/DaisyExamples/libDaisy/build\libdaisy.a(stm32h7xx_hal_sdram.o)
                0x0800c5a8                HAL_SDRAM_ProgramRefreshRate
 .text.HAL_UART_Transmit_DMA
                0x0800c5d8       0xa4 D:/OneDrive/Frankencloud/Installable/AudioInterfaces/DaisySeed/DaisyExamples/libDaisy/build\libdaisy.a(stm32h7xx_hal_uart.o)
                0x0800c5d8                HAL_UART_Transmit_DMA
 .text.HAL_UART_Receive_DMA
                0x0800c67c       0xac D:/OneDrive/Frankencloud/Installable/AudioInterfaces/DaisySeed/DaisyExamples/libDaisy/build\libdaisy.a(stm32h7xx_hal_uart.o)
                0x0800c67c                HAL_UART_Receive_DMA
 .text.UART_DMATransmitCplt
                0x0800c728       0x2c D:/OneDrive/Frankencloud/Installable/AudioInterfaces/DaisySeed/DaisyExamples/libDaisy/build\libdaisy.a(stm32h7xx_hal_uart.o)
 .text.HAL_UART_TxHalfCpltCallback
                0x0800c754        0x4 D:/OneDrive/Frankencloud/Installable/AudioInterfaces/DaisySeed/DaisyExamples/libDaisy/build\libdaisy.a(stm32h7xx_hal_uart.o)
                0x0800c754                HAL_UART_TxHalfCpltCallback
 .text.UART_DMATxHalfCplt
                0x0800c758        0xc D:/OneDrive/Frankencloud/Installable/AudioInterfaces/DaisySeed/DaisyExamples/libDaisy/build\libdaisy.a(stm32h7xx_hal_uart.o)
 .text.UART_DMAReceiveCplt
                0x0800c764       0x38 D:/OneDrive/Frankencloud/Installable/AudioInterfaces/DaisySeed/DaisyExamples/libDaisy/build\libdaisy.a(stm32h7xx_hal_uart.o)
 .text.UART_DMARxHalfCplt
                0x0800c79c        0xc D:/OneDrive/Frankencloud/Installable/AudioInterfaces/DaisySeed/DaisyExamples/libDaisy/build\libdaisy.a(stm32h7xx_hal_uart.o)
 .text.UART_DMAError
                0x0800c7a8       0x78 D:/OneDrive/Frankencloud/Installable/AudioInterfaces/DaisySeed/DaisyExamples/libDaisy/build\libdaisy.a(stm32h7xx_hal_uart.o)
 .text.HAL_UART_IRQHandler
                0x0800c820      0x1d0 D:/OneDrive/Frankencloud/Installable/AudioInterfaces/DaisySeed/DaisyExamples/libDaisy/build\libdaisy.a(stm32h7xx_hal_uart.o)
                0x0800c820                HAL_UART_IRQHandler
 .text.UART_DMAAbortOnError
                0x0800c9f0       0x14 D:/OneDrive/Frankencloud/Installable/AudioInterfaces/DaisySeed/DaisyExamples/libDaisy/build\libdaisy.a(stm32h7xx_hal_uart.o)
 .text.HAL_UART_GetState
                0x0800ca04        0xc D:/OneDrive/Frankencloud/Installable/AudioInterfaces/DaisySeed/DaisyExamples/libDaisy/build\libdaisy.a(stm32h7xx_hal_uart.o)
                0x0800ca04                HAL_UART_GetState
 .text.UART_SetConfig
                0x0800ca10     0x14b8 D:/OneDrive/Frankencloud/Installable/AudioInterfaces/DaisySeed/DaisyExamples/libDaisy/build\libdaisy.a(stm32h7xx_hal_uart.o)
                0x0800ca10                UART_SetConfig
 .text.UART_AdvFeatureConfig
                0x0800dec8       0xb0 D:/OneDrive/Frankencloud/Installable/AudioInterfaces/DaisySeed/DaisyExamples/libDaisy/build\libdaisy.a(stm32h7xx_hal_uart.o)
                0x0800dec8                UART_AdvFeatureConfig
 .text.UART_CheckIdleState
                0x0800df78       0x84 D:/OneDrive/Frankencloud/Installable/AudioInterfaces/DaisySeed/DaisyExamples/libDaisy/build\libdaisy.a(stm32h7xx_hal_uart.o)
                0x0800df78                UART_CheckIdleState
 .text.HAL_UART_Init
                0x0800dffc       0x68 D:/OneDrive/Frankencloud/Installable/AudioInterfaces/DaisySeed/DaisyExamples/libDaisy/build\libdaisy.a(stm32h7xx_hal_uart.o)
                0x0800dffc                HAL_UART_Init
 .text.HAL_UARTEx_WakeupCallback
                0x0800e064        0x4 D:/OneDrive/Frankencloud/Installable/AudioInterfaces/DaisySeed/DaisyExamples/libDaisy/build\libdaisy.a(stm32h7xx_hal_uart_ex.o)
                0x0800e064                HAL_UARTEx_WakeupCallback
 .text.HAL_UARTEx_RxFifoFullCallback
                0x0800e068        0x4 D:/OneDrive/Frankencloud/Installable/AudioInterfaces/DaisySeed/DaisyExamples/libDaisy/build\libdaisy.a(stm32h7xx_hal_uart_ex.o)
                0x0800e068                HAL_UARTEx_RxFifoFullCallback
 .text.HAL_UARTEx_TxFifoEmptyCallback
                0x0800e06c        0x4 D:/OneDrive/Frankencloud/Installable/AudioInterfaces/DaisySeed/DaisyExamples/libDaisy/build\libdaisy.a(stm32h7xx_hal_uart_ex.o)
                0x0800e06c                HAL_UARTEx_TxFifoEmptyCallback
 .text.HAL_UARTEx_DisableFifoMode
                0x0800e070       0x3c D:/OneDrive/Frankencloud/Installable/AudioInterfaces/DaisySeed/DaisyExamples/libDaisy/build\libdaisy.a(stm32h7xx_hal_uart_ex.o)
                0x0800e070                HAL_UARTEx_DisableFifoMode
 .text.HAL_UARTEx_SetTxFifoThreshold
                0x0800e0ac       0x9c D:/OneDrive/Frankencloud/Installable/AudioInterfaces/DaisySeed/DaisyExamples/libDaisy/build\libdaisy.a(stm32h7xx_hal_uart_ex.o)
                0x0800e0ac                HAL_UARTEx_SetTxFifoThreshold
 .text.HAL_UARTEx_SetRxFifoThreshold
                0x0800e148       0x9c D:/OneDrive/Frankencloud/Installable/AudioInterfaces/DaisySeed/DaisyExamples/libDaisy/build\libdaisy.a(stm32h7xx_hal_uart_ex.o)
                0x0800e148                HAL_UARTEx_SetRxFifoThreshold
 .text.FMC_SDRAM_Init
                0x0800e1e4       0x7c D:/OneDrive/Frankencloud/Installable/AudioInterfaces/DaisySeed/DaisyExamples/libDaisy/build\libdaisy.a(stm32h7xx_ll_fmc.o)
                0x0800e1e4                FMC_SDRAM_Init
 .text.FMC_SDRAM_Timing_Init
                0x0800e260       0x98 D:/OneDrive/Frankencloud/Installable/AudioInterfaces/DaisySeed/DaisyExamples/libDaisy/build\libdaisy.a(stm32h7xx_ll_fmc.o)
                0x0800e260                FMC_SDRAM_Timing_Init
 .text.FMC_SDRAM_SendCommand
                0x0800e2f8       0x28 D:/OneDrive/Frankencloud/Installable/AudioInterfaces/DaisySeed/DaisyExamples/libDaisy/build\libdaisy.a(stm32h7xx_ll_fmc.o)
                0x0800e2f8                FMC_SDRAM_SendCommand
 .text.FMC_SDRAM_ProgramRefreshRate
                0x0800e320       0x1c D:/OneDrive/Frankencloud/Installable/AudioInterfaces/DaisySeed/DaisyExamples/libDaisy/build\libdaisy.a(stm32h7xx_ll_fmc.o)
                0x0800e320                FMC_SDRAM_ProgramRefreshRate
 .text.USB_SetTurnaroundTime
                0x0800e33c      0x104 D:/OneDrive/Frankencloud/Installable/AudioInterfaces/DaisySeed/DaisyExamples/libDaisy/build\libdaisy.a(stm32h7xx_ll_usb.o)
                0x0800e33c                USB_SetTurnaroundTime
 .text.USB_FlushTxFifo
                0x0800e440       0x34 D:/OneDrive/Frankencloud/Installable/AudioInterfaces/DaisySeed/DaisyExamples/libDaisy/build\libdaisy.a(stm32h7xx_ll_usb.o)
                0x0800e440                USB_FlushTxFifo
 .text.USB_GetDevSpeed
                0x0800e474       0x24 D:/OneDrive/Frankencloud/Installable/AudioInterfaces/DaisySeed/DaisyExamples/libDaisy/build\libdaisy.a(stm32h7xx_ll_usb.o)
                0x0800e474                USB_GetDevSpeed
 .text.USB_ActivateEndpoint
                0x0800e498       0x90 D:/OneDrive/Frankencloud/Installable/AudioInterfaces/DaisySeed/DaisyExamples/libDaisy/build\libdaisy.a(stm32h7xx_ll_usb.o)
                0x0800e498                USB_ActivateEndpoint
 .text.USB_EPStartXfer
                0x0800e528      0x230 D:/OneDrive/Frankencloud/Installable/AudioInterfaces/DaisySeed/DaisyExamples/libDaisy/build\libdaisy.a(stm32h7xx_ll_usb.o)
                0x0800e528                USB_EPStartXfer
 .text.USB_EP0StartXfer
                0x0800e758      0x174 D:/OneDrive/Frankencloud/Installable/AudioInterfaces/DaisySeed/DaisyExamples/libDaisy/build\libdaisy.a(stm32h7xx_ll_usb.o)
                0x0800e758                USB_EP0StartXfer
 .text.USB_WritePacket
                0x0800e8cc       0x2c D:/OneDrive/Frankencloud/Installable/AudioInterfaces/DaisySeed/DaisyExamples/libDaisy/build\libdaisy.a(stm32h7xx_ll_usb.o)
                0x0800e8cc                USB_WritePacket
 .text.USB_ReadPacket
                0x0800e8f8       0x20 D:/OneDrive/Frankencloud/Installable/AudioInterfaces/DaisySeed/DaisyExamples/libDaisy/build\libdaisy.a(stm32h7xx_ll_usb.o)
                0x0800e8f8                USB_ReadPacket
 .text.USB_EPSetStall
                0x0800e918       0x68 D:/OneDrive/Frankencloud/Installable/AudioInterfaces/DaisySeed/DaisyExamples/libDaisy/build\libdaisy.a(stm32h7xx_ll_usb.o)
                0x0800e918                USB_EPSetStall
 .text.USB_EPClearStall
                0x0800e980       0x58 D:/OneDrive/Frankencloud/Installable/AudioInterfaces/DaisySeed/DaisyExamples/libDaisy/build\libdaisy.a(stm32h7xx_ll_usb.o)
                0x0800e980                USB_EPClearStall
 .text.USB_SetDevAddress
                0x0800e9d8       0x24 D:/OneDrive/Frankencloud/Installable/AudioInterfaces/DaisySeed/DaisyExamples/libDaisy/build\libdaisy.a(stm32h7xx_ll_usb.o)
                0x0800e9d8                USB_SetDevAddress
 .text.USB_ReadInterrupts
                0x0800e9fc       0x14 D:/OneDrive/Frankencloud/Installable/AudioInterfaces/DaisySeed/DaisyExamples/libDaisy/build\libdaisy.a(stm32h7xx_ll_usb.o)
                0x0800e9fc                USB_ReadInterrupts
 .text.USB_ReadDevAllOutEpInterrupt
                0x0800ea10       0x1c D:/OneDrive/Frankencloud/Installable/AudioInterfaces/DaisySeed/DaisyExamples/libDaisy/build\libdaisy.a(stm32h7xx_ll_usb.o)
                0x0800ea10                USB_ReadDevAllOutEpInterrupt
 .text.USB_ReadDevAllInEpInterrupt
                0x0800ea2c       0x1c D:/OneDrive/Frankencloud/Installable/AudioInterfaces/DaisySeed/DaisyExamples/libDaisy/build\libdaisy.a(stm32h7xx_ll_usb.o)
                0x0800ea2c                USB_ReadDevAllInEpInterrupt
 .text.USB_ReadDevOutEPInterrupt
                0x0800ea48       0x1c D:/OneDrive/Frankencloud/Installable/AudioInterfaces/DaisySeed/DaisyExamples/libDaisy/build\libdaisy.a(stm32h7xx_ll_usb.o)
                0x0800ea48                USB_ReadDevOutEPInterrupt
 .text.USB_ReadDevInEPInterrupt
                0x0800ea64       0x38 D:/OneDrive/Frankencloud/Installable/AudioInterfaces/DaisySeed/DaisyExamples/libDaisy/build\libdaisy.a(stm32h7xx_ll_usb.o)
                0x0800ea64                USB_ReadDevInEPInterrupt
 .text.USB_GetMode
                0x0800ea9c        0x8 D:/OneDrive/Frankencloud/Installable/AudioInterfaces/DaisySeed/DaisyExamples/libDaisy/build\libdaisy.a(stm32h7xx_ll_usb.o)
                0x0800ea9c                USB_GetMode
 .text.USB_ActivateSetup
                0x0800eaa4       0x38 D:/OneDrive/Frankencloud/Installable/AudioInterfaces/DaisySeed/DaisyExamples/libDaisy/build\libdaisy.a(stm32h7xx_ll_usb.o)
                0x0800eaa4                USB_ActivateSetup
 .text.USB_EP0_OutStart
                0x0800eadc       0x58 D:/OneDrive/Frankencloud/Installable/AudioInterfaces/DaisySeed/DaisyExamples/libDaisy/build\libdaisy.a(stm32h7xx_ll_usb.o)
                0x0800eadc                USB_EP0_OutStart
 .text.USB_InitFSLSPClkSel